core_cm4.h:1939:34:__NVIC_SystemReset	4	static,ignoring_inline_asm
main.c:229:6:selTemp	24	static
main.c:242:6:selLight	24	static
main.c:254:6:selRoll	24	static
main.c:266:6:selPitch	24	static
main.c:278:6:selYaw	24	static
main.c:290:9:buildMessage	88	static
main.c:298:7:changeTiltUnit	16	static
main.c:306:7:changeTempUnit	16	static
main.c:329:7:convertTemp	24	static
main.c:339:7:convertLight	40	static
main.c:350:6:convertTilt	32	static
main.c:376:6:HAL_UART_TxCpltCallback	16	static
main.c:381:6:changeLed	16	static
main.c:410:5:main	16	static
main.c:548:6:SystemClock_Config	88	static
main.c:593:13:MX_ADC1_Init	24	static
main.c:634:13:MX_USART2_UART_Init	8	static
main.c:667:13:MX_GPIO_Init	48	static
main.c:716:6:startSerialConfig	16	static
main.c:735:6:startSendSerial	48	static
main.c:764:6:startGetTemp	32	static
main.c:807:6:startGetLight	32	static
main.c:849:6:startGetRoll	32	static
main.c:893:6:startGetPitch	32	static
main.c:937:6:startGetYaw	32	static
main.c:981:6:StartTask08	16	static
main.c:997:6:Error_Handler	4	static,ignoring_inline_asm
