Archive member included to satisfy reference by file (symbol)

/home/usuario/st/stm32cubeide_1.7.0/plugins/com.st.stm32cube.ide.mcu.externaltools.gnu-tools-for-stm32.9-2020-q2-update.linux64_2.0.0.202105311346/tools/bin/../lib/gcc/arm-none-eabi/9.3.1/../../../../arm-none-eabi/lib/thumb/v7e-m+fp/hard/libc_nano.a(lib_a-errno.o)
                              ./Core/Src/syscalls.o (__errno)
/home/usuario/st/stm32cubeide_1.7.0/plugins/com.st.stm32cube.ide.mcu.externaltools.gnu-tools-for-stm32.9-2020-q2-update.linux64_2.0.0.202105311346/tools/bin/../lib/gcc/arm-none-eabi/9.3.1/../../../../arm-none-eabi/lib/thumb/v7e-m+fp/hard/libc_nano.a(lib_a-exit.o)
                              /home/usuario/st/stm32cubeide_1.7.0/plugins/com.st.stm32cube.ide.mcu.externaltools.gnu-tools-for-stm32.9-2020-q2-update.linux64_2.0.0.202105311346/tools/bin/../lib/gcc/arm-none-eabi/9.3.1/../../../../arm-none-eabi/lib/thumb/v7e-m+fp/hard/crt0.o (exit)
/home/usuario/st/stm32cubeide_1.7.0/plugins/com.st.stm32cube.ide.mcu.externaltools.gnu-tools-for-stm32.9-2020-q2-update.linux64_2.0.0.202105311346/tools/bin/../lib/gcc/arm-none-eabi/9.3.1/../../../../arm-none-eabi/lib/thumb/v7e-m+fp/hard/libc_nano.a(lib_a-impure.o)
                              /home/usuario/st/stm32cubeide_1.7.0/plugins/com.st.stm32cube.ide.mcu.externaltools.gnu-tools-for-stm32.9-2020-q2-update.linux64_2.0.0.202105311346/tools/bin/../lib/gcc/arm-none-eabi/9.3.1/../../../../arm-none-eabi/lib/thumb/v7e-m+fp/hard/libc_nano.a(lib_a-exit.o) (_global_impure_ptr)
/home/usuario/st/stm32cubeide_1.7.0/plugins/com.st.stm32cube.ide.mcu.externaltools.gnu-tools-for-stm32.9-2020-q2-update.linux64_2.0.0.202105311346/tools/bin/../lib/gcc/arm-none-eabi/9.3.1/../../../../arm-none-eabi/lib/thumb/v7e-m+fp/hard/libc_nano.a(lib_a-init.o)
                              /home/usuario/st/stm32cubeide_1.7.0/plugins/com.st.stm32cube.ide.mcu.externaltools.gnu-tools-for-stm32.9-2020-q2-update.linux64_2.0.0.202105311346/tools/bin/../lib/gcc/arm-none-eabi/9.3.1/../../../../arm-none-eabi/lib/thumb/v7e-m+fp/hard/crt0.o (__libc_init_array)
/home/usuario/st/stm32cubeide_1.7.0/plugins/com.st.stm32cube.ide.mcu.externaltools.gnu-tools-for-stm32.9-2020-q2-update.linux64_2.0.0.202105311346/tools/bin/../lib/gcc/arm-none-eabi/9.3.1/../../../../arm-none-eabi/lib/thumb/v7e-m+fp/hard/libc_nano.a(lib_a-memcpy-stub.o)
                              ./Middlewares/Third_Party/FreeRTOS/Source/CMSIS_RTOS_V2/cmsis_os2.o (memcpy)
/home/usuario/st/stm32cubeide_1.7.0/plugins/com.st.stm32cube.ide.mcu.externaltools.gnu-tools-for-stm32.9-2020-q2-update.linux64_2.0.0.202105311346/tools/bin/../lib/gcc/arm-none-eabi/9.3.1/../../../../arm-none-eabi/lib/thumb/v7e-m+fp/hard/libc_nano.a(lib_a-memset.o)
                              /home/usuario/st/stm32cubeide_1.7.0/plugins/com.st.stm32cube.ide.mcu.externaltools.gnu-tools-for-stm32.9-2020-q2-update.linux64_2.0.0.202105311346/tools/bin/../lib/gcc/arm-none-eabi/9.3.1/../../../../arm-none-eabi/lib/thumb/v7e-m+fp/hard/crt0.o (memset)
/home/usuario/st/stm32cubeide_1.7.0/plugins/com.st.stm32cube.ide.mcu.externaltools.gnu-tools-for-stm32.9-2020-q2-update.linux64_2.0.0.202105311346/tools/bin/../lib/gcc/arm-none-eabi/9.3.1/../../../../arm-none-eabi/lib/thumb/v7e-m+fp/hard/libc_nano.a(lib_a-nano-vfprintf_float.o)
                              (_printf_float)
/home/usuario/st/stm32cubeide_1.7.0/plugins/com.st.stm32cube.ide.mcu.externaltools.gnu-tools-for-stm32.9-2020-q2-update.linux64_2.0.0.202105311346/tools/bin/../lib/gcc/arm-none-eabi/9.3.1/../../../../arm-none-eabi/lib/thumb/v7e-m+fp/hard/libc_nano.a(lib_a-nano-vfprintf_i.o)
                              /home/usuario/st/stm32cubeide_1.7.0/plugins/com.st.stm32cube.ide.mcu.externaltools.gnu-tools-for-stm32.9-2020-q2-update.linux64_2.0.0.202105311346/tools/bin/../lib/gcc/arm-none-eabi/9.3.1/../../../../arm-none-eabi/lib/thumb/v7e-m+fp/hard/libc_nano.a(lib_a-nano-vfprintf_float.o) (_printf_common)
/home/usuario/st/stm32cubeide_1.7.0/plugins/com.st.stm32cube.ide.mcu.externaltools.gnu-tools-for-stm32.9-2020-q2-update.linux64_2.0.0.202105311346/tools/bin/../lib/gcc/arm-none-eabi/9.3.1/../../../../arm-none-eabi/lib/thumb/v7e-m+fp/hard/libc_nano.a(lib_a-sprintf.o)
                              ./Core/Src/main.o (sprintf)
/home/usuario/st/stm32cubeide_1.7.0/plugins/com.st.stm32cube.ide.mcu.externaltools.gnu-tools-for-stm32.9-2020-q2-update.linux64_2.0.0.202105311346/tools/bin/../lib/gcc/arm-none-eabi/9.3.1/../../../../arm-none-eabi/lib/thumb/v7e-m+fp/hard/libc_nano.a(lib_a-strcmp.o)
                              ./Core/Src/main.o (strcmp)
/home/usuario/st/stm32cubeide_1.7.0/plugins/com.st.stm32cube.ide.mcu.externaltools.gnu-tools-for-stm32.9-2020-q2-update.linux64_2.0.0.202105311346/tools/bin/../lib/gcc/arm-none-eabi/9.3.1/../../../../arm-none-eabi/lib/thumb/v7e-m+fp/hard/libc_nano.a(lib_a-strlen.o)
[...]
Memory Configuration

Name             Origin             Length             Attributes
RAM              0x0000000020000000 0x0000000000020000 xrw
FLASH            0x0000000008000000 0x0000000000080000 xr
*default*        0x0000000000000000 0xffffffffffffffff

Linker script and memory map

LOAD /home/usuario/st/stm32cubeide_1.7.0/plugins/com.st.stm32cube.ide.mcu.externaltools.gnu-tools-for-stm32.9-2020-q2-update.linux64_2.0.0.202105311346/tools/bin/../lib/gcc/arm-none-eabi/9.3.1/thumb/v7e-m+fp/hard/crti.o
LOAD /home/usuario/st/stm32cubeide_1.7.0/plugins/com.st.stm32cube.ide.mcu.externaltools.gnu-tools-for-stm32.9-2020-q2-update.linux64_2.0.0.202105311346/tools/bin/../lib/gcc/arm-none-eabi/9.3.1/thumb/v7e-m+fp/hard/crtbegin.o
LOAD /home/usuario/st/stm32cubeide_1.7.0/plugins/com.st.stm32cube.ide.mcu.externaltools.gnu-tools-for-stm32.9-2020-q2-update.linux64_2.0.0.202105311346/tools/bin/../lib/gcc/arm-none-eabi/9.3.1/../../../../arm-none-eabi/lib/thumb/v7e-m+fp/hard/crt0.o
LOAD ./Core/Src/freertos.o
LOAD ./Core/Src/main.o
LOAD ./Core/Src/stm32f4xx_hal_msp.o
LOAD ./Core/Src/stm32f4xx_it.o
LOAD ./Core/Src/syscalls.o
LOAD ./Core/Src/sysmem.o
LOAD ./Core/Src/system_stm32f4xx.o
LOAD ./Core/Startup/startup_stm32f411retx.o
LOAD ./Drivers/STM32F4xx_HAL_Driver/Src/stm32f4xx_hal.o
LOAD ./Drivers/STM32F4xx_HAL_Driver/Src/stm32f4xx_hal_adc.o
LOAD ./Drivers/STM32F4xx_HAL_Driver/Src/stm32f4xx_hal_adc_ex.o
LOAD ./Drivers/STM32F4xx_HAL_Driver/Src/stm32f4xx_hal_cortex.o
LOAD ./Drivers/STM32F4xx_HAL_Driver/Src/stm32f4xx_hal_dma.o
LOAD ./Drivers/STM32F4xx_HAL_Driver/Src/stm32f4xx_hal_dma_ex.o
LOAD ./Drivers/STM32F4xx_HAL_Driver/Src/stm32f4xx_hal_exti.o
LOAD ./Drivers/STM32F4xx_HAL_Driver/Src/stm32f4xx_hal_flash.o
LOAD ./Drivers/STM32F4xx_HAL_Driver/Src/stm32f4xx_hal_flash_ex.o
LOAD ./Drivers/STM32F4xx_HAL_Driver/Src/stm32f4xx_hal_flash_ramfunc.o
LOAD ./Drivers/STM32F4xx_HAL_Driver/Src/stm32f4xx_hal_gpio.o
LOAD ./Drivers/STM32F4xx_HAL_Driver/Src/stm32f4xx_hal_pwr.o
LOAD ./Drivers/STM32F4xx_HAL_Driver/Src/stm32f4xx_hal_pwr_ex.o
LOAD ./Drivers/STM32F4xx_HAL_Driver/Src/stm32f4xx_hal_rcc.o
LOAD ./Drivers/STM32F4xx_HAL_Driver/Src/stm32f4xx_hal_rcc_ex.o
LOAD ./Drivers/STM32F4xx_HAL_Driver/Src/stm32f4xx_hal_tim.o
LOAD ./Drivers/STM32F4xx_HAL_Driver/Src/stm32f4xx_hal_tim_ex.o
LOAD ./Drivers/STM32F4xx_HAL_Driver/Src/stm32f4xx_hal_uart.o
LOAD ./Drivers/STM32F4xx_HAL_Driver/Src/stm32f4xx_ll_adc.o
LOAD ./Middlewares/Third_Party/FreeRTOS/Source/CMSIS_RTOS_V2/cmsis_os2.o
LOAD ./Middlewares/Third_Party/FreeRTOS/Source/croutine.o
LOAD ./Middlewares/Third_Party/FreeRTOS/Source/event_groups.o
LOAD ./Middlewares/Third_Party/FreeRTOS/Source/list.o
LOAD ./Middlewares/Third_Party/FreeRTOS/Source/queue.o
LOAD ./Middlewares/Third_Party/FreeRTOS/Source/stream_buffer.o
LOAD ./Middlewares/Third_Party/FreeRTOS/Source/tasks.o
LOAD ./Middlewares/Third_Party/FreeRTOS/Source/timers.o
LOAD ./Middlewares/Third_Party/FreeRTOS/Source/portable/GCC/ARM_CM4F/port.o
LOAD ./Middlewares/Third_Party/FreeRTOS/Source/portable/MemMang/heap_4.o
START GROUP
LOAD /home/usuario/st/stm32cubeide_1.7.0/plugins/com.st.stm32cube.ide.mcu.externaltools.gnu-tools-for-stm32.9-2020-q2-update.linux64_2.0.0.202105311346/tools/bin/../lib/gcc/arm-none-eabi/9.3.1/../../../../arm-none-eabi/lib/thumb/v7e-m+fp/hard/libc_nano.a
LOAD /home/usuario/st/stm32cubeide_1.7.0/plugins/com.st.stm32cube.ide.mcu.externaltools.gnu-tools-for-stm32.9-2020-q2-update.linux64_2.0.0.202105311346/tools/bin/../lib/gcc/arm-none-eabi/9.3.1/../../../../arm-none-eabi/lib/thumb/v7e-m+fp/hard/libm.a
END GROUP
START GROUP
LOAD /home/usuario/st/stm32cubeide_1.7.0/plugins/com.st.stm32cube.ide.mcu.externaltools.gnu-tools-for-stm32.9-2020-q2-update.linux64_2.0.0.202105311346/tools/bin/../lib/gcc/arm-none-eabi/9.3.1/thumb/v7e-m+fp/hard/libgcc.a
LOAD /home/usuario/st/stm32cubeide_1.7.0/plugins/com.st.stm32cube.ide.mcu.externaltools.gnu-tools-for-stm32.9-2020-q2-update.linux64_2.0.0.202105311346/tools/bin/../lib/gcc/arm-none-eabi/9.3.1/../../../../arm-none-eabi/lib/thumb/v7e-m+fp/hard/libc_nano.a
END GROUP
START GROUP
LOAD /home/usuario/st/stm32cubeide_1.7.0/plugins/com.st.stm32cube.ide.mcu.externaltools.gnu-tools-for-stm32.9-2020-q2-update.linux64_2.0.0.202105311346/tools/bin/../lib/gcc/arm-none-eabi/9.3.1/thumb/v7e-m+fp/hard/libgcc.a
LOAD /home/usuario/st/stm32cubeide_1.7.0/plugins/com.st.stm32cube.ide.mcu.externaltools.gnu-tools-for-stm32.9-2020-q2-update.linux64_2.0.0.202105311346/tools/bin/../lib/gcc/arm-none-eabi/9.3.1/../../../../arm-none-eabi/lib/thumb/v7e-m+fp/hard/libc_nano.a
LOAD /home/usuario/st/stm32cubeide_1.7.0/plugins/com.st.stm32cube.ide.mcu.externaltools.gnu-tools-for-stm32.9-2020-q2-update.linux64_2.0.0.202105311346/tools/bin/../lib/gcc/arm-none-eabi/9.3.1/../../../../arm-none-eabi/lib/thumb/v7e-m+fp/hard/libnosys.a
END GROUP
START GROUP
LOAD /home/usuario/st/stm32cubeide_1.7.0/plugins/com.st.stm32cube.ide.mcu.externaltools.gnu-tools-for-stm32.9-2020-q2-update.linux64_2.0.0.202105311346/tools/bin/../lib/gcc/arm-none-eabi/9.3.1/thumb/v7e-m+fp/hard/libgcc.a
LOAD /home/usuario/st/stm32cubeide_1.7.0/plugins/com.st.stm32cube.ide.mcu.externaltools.gnu-tools-for-stm32.9-2020-q2-update.linux64_2.0.0.202105311346/tools/bin/../lib/gcc/arm-none-eabi/9.3.1/../../../../arm-none-eabi/lib/thumb/v7e-m+fp/hard/libc_nano.a
LOAD /home/usuario/st/stm32cubeide_1.7.0/plugins/com.st.stm32cube.ide.mcu.externaltools.gnu-tools-for-stm32.9-2020-q2-update.linux64_2.0.0.202105311346/tools/bin/../lib/gcc/arm-none-eabi/9.3.1/../../../../arm-none-eabi/lib/thumb/v7e-m+fp/hard/libnosys.a
END GROUP
LOAD /home/usuario/st/stm32cubeide_1.7.0/plugins/com.st.stm32cube.ide.mcu.externaltools.gnu-tools-for-stm32.9-2020-q2-update.linux64_2.0.0.202105311346/tools/bin/../lib/gcc/arm-none-eabi/9.3.1/thumb/v7e-m+fp/hard/crtend.o
LOAD /home/usuario/st/stm32cubeide_1.7.0/plugins/com.st.stm32cube.ide.mcu.externaltools.gnu-tools-for-stm32.9-2020-q2-update.linux64_2.0.0.202105311346/tools/bin/../lib/gcc/arm-none-eabi/9.3.1/thumb/v7e-m+fp/hard/crtn.o
                0x0000000020020000                _estack = (ORIGIN (RAM) + LENGTH (RAM))
                0x0000000000000200                _Min_Heap_Size = 0x200
                0x0000000000000400                _Min_Stack_Size = 0x400

.isr_vector     0x0000000008000000      0x198
                0x0000000008000000                . = ALIGN (0x4)
 *(.isr_vector)
 .isr_vector    0x0000000008000000      0x198 ./Core/Startup/startup_stm32f411retx.o
                0x0000000008000000                g_pfnVectors
                0x0000000008000198                . = ALIGN (0x4)

.text           0x00000000080001a0     0xb7f0
                0x00000000080001a0                . = ALIGN (0x4)
 *(.text)
 .text          0x00000000080001a0       0x40 /home/usuario/st/stm32cubeide_1.7.0/plugins/com.st.stm32cube.ide.mcu.externaltools.gnu-tools-for-stm32.9-2020-q2-update.linux64_2.0.0.202105311346/tools/bin/../lib/gcc/arm-none-eabi/9.3.1/thumb/v7e-m+fp/hard/crtbegin.o
 .text          0x00000000080001e0       0x14 /home/usuario/st/stm32cubeide_1.7.0/plugins/com.st.stm32cube.ide.mcu.externaltools.gnu-tools-for-stm32.9-2020-q2-update.linux64_2.0.0.202105311346/tools/bin/../lib/gcc/arm-none-eabi/9.3.1/../../../../arm-none-eabi/lib/thumb/v7e-m+fp/hard/libc_nano.a(lib_a-strcmp.o)
                0x00000000080001e0                strcmp
 .text          0x00000000080001f4       0x10 /home/usuario/st/stm32cubeide_1.7.0/plugins/com.st.stm32cube.ide.mcu.externaltools.gnu-tools-for-stm32.9-2020-q2-update.linux64_2.0.0.202105311346/tools/bin/../lib/gcc/arm-none-eabi/9.3.1/../../../../arm-none-eabi/lib/thumb/v7e-m+fp/hard/libc_nano.a(lib_a-strlen.o)
                0x00000000080001f4                strlen
 *fill*         0x0000000008000204        0xc 
 .text          0x0000000008000210       0xa0 /home/usuario/st/stm32cubeide_1.7.0/plugins/com.st.stm32cube.ide.mcu.externaltools.gnu-tools-for-stm32.9-2020-q2-update.linux64_2.0.0.202105311346/tools/bin/../lib/gcc/arm-none-eabi/9.3.1/../../../../arm-none-eabi/lib/thumb/v7e-m+fp/hard/libc_nano.a(lib_a-memchr.o)
                0x0000000008000210                memchr
 .text          0x00000000080002b0      0x378 /home/usuario/st/stm32cubeide_1.7.0/plugins/com.st.stm32cube.ide.mcu.externaltools.gnu-tools-for-stm32.9-2020-q2-update.linux64_2.0.0.202105311346/tools/bin/../lib/gcc/arm-none-eabi/9.3.1/thumb/v7e-m+fp/hard/libgcc.a(_arm_addsubdf3.o)
                0x00000000080002b0                __aeabi_drsub
                0x00000000080002b8                __aeabi_dsub
                0x00000000080002b8                __subdf3
                0x00000000080002bc                __adddf3
                0x00000000080002bc                __aeabi_dadd
                0x0000000008000534                __aeabi_ui2d
                0x0000000008000534                __floatunsidf
                0x0000000008000554                __floatsidf
                0x0000000008000554                __aeabi_i2d
                0x0000000008000578                __extendsfdf2
                0x0000000008000578                __aeabi_f2d
                0x00000000080005bc                __aeabi_ul2d
                0x00000000080005bc                __floatundidf
                0x00000000080005cc                __floatdidf
                0x00000000080005cc                __aeabi_l2d
 .text          0x0000000008000628      0x424 /home/usuario/st/stm32cubeide_1.7.0/plugins/com.st.stm32cube.ide.mcu.externaltools.gnu-tools-for-stm32.9-2020-q2-update.linux64_2.0.0.202105311346/tools/bin/../lib/gcc/arm-none-eabi/9.3.1/thumb/v7e-m+fp/hard/libgcc.a(_arm_muldivdf3.o)
                0x0000000008000628                __aeabi_dmul
                0x0000000008000628                __muldf3
                0x000000000800087c                __aeabi_ddiv
                0x000000000800087c                __divdf3
 .text          0x0000000008000a4c      0x110 /home/usuario/st/stm32cubeide_1.7.0/plugins/com.st.stm32cube.ide.mcu.externaltools.gnu-tools-for-stm32.9-2020-q2-update.linux64_2.0.0.202105311346/tools/bin/../lib/gcc/arm-none-eabi/9.3.1/thumb/v7e-m+fp/hard/libgcc.a(_arm_cmpdf2.o)
                0x0000000008000a4c                __gtdf2
                0x0000000008000a4c                __gedf2
                0x0000000008000a54                __ltdf2
                0x0000000008000a54                __ledf2
                0x0000000008000a5c                __cmpdf2
                0x0000000008000a5c                __eqdf2
                0x0000000008000a5c                __nedf2
                0x0000000008000ad8                __aeabi_cdrcmple
                0x0000000008000ae8                __aeabi_cdcmple
                0x0000000008000ae8                __aeabi_cdcmpeq
                0x0000000008000af8                __aeabi_dcmpeq
                0x0000000008000b0c                __aeabi_dcmplt
                0x0000000008000b20                __aeabi_dcmple
                0x0000000008000b34                __aeabi_dcmpge
                0x0000000008000b48                __aeabi_dcmpgt
 .text          0x0000000008000b5c       0x2c /home/usuario/st/stm32cubeide_1.7.0/plugins/com.st.stm32cube.ide.mcu.externaltools.gnu-tools-for-stm32.9-2020-q2-update.linux64_2.0.0.202105311346/tools/bin/../lib/gcc/arm-none-eabi/9.3.1/thumb/v7e-m+fp/hard/libgcc.a(_arm_unorddf2.o)
                0x0000000008000b5c                __aeabi_dcmpun
                0x0000000008000b5c                __unorddf2
 .text          0x0000000008000b88       0x50 /home/usuario/st/stm32cubeide_1.7.0/plugins/com.st.stm32cube.ide.mcu.externaltools.gnu-tools-for-stm32.9-2020-q2-update.linux64_2.0.0.202105311346/tools/bin/../lib/gcc/arm-none-eabi/9.3.1/thumb/v7e-m+fp/hard/libgcc.a(_arm_fixdfsi.o)
                0x0000000008000b88                __fixdfsi
                0x0000000008000b88                __aeabi_d2iz
 .text          0x0000000008000bd8       0xa0 /home/usuario/st/stm32cubeide_1.7.0/plugins/com.st.stm32cube.ide.mcu.externaltools.gnu-tools-for-stm32.9-2020-q2-update.linux64_2.0.0.202105311346/tools/bin/../lib/gcc/arm-none-eabi/9.3.1/thumb/v7e-m+fp/hard/libgcc.a(_arm_truncdfsf2.o)
                0x0000000008000bd8                __aeabi_d2f
                0x0000000008000bd8                __truncdfsf2
 .text          0x0000000008000c78       0x30 /home/usuario/st/stm32cubeide_1.7.0/plugins/com.st.stm32cube.ide.mcu.externaltools.gnu-tools-for-stm32.9-2020-q2-update.linux64_2.0.0.202105311346/tools/bin/../lib/gcc/arm-none-eabi/9.3.1/thumb/v7e-m+fp/hard/libgcc.a(_aeabi_uldivmod.o)
                0x0000000008000c78                __aeabi_uldivmod
 .text          0x0000000008000ca8      0x2c4 /home/usuario/st/stm32cubeide_1.7.0/plugins/com.st.stm32cube.ide.mcu.externaltools.gnu-tools-for-stm32.9-2020-q2-update.linux64_2.0.0.202105311346/tools/bin/../lib/gcc/arm-none-eabi/9.3.1/thumb/v7e-m+fp/hard/libgcc.a(_udivmoddi4.o)
                0x0000000008000ca8                __udivmoddi4
 .text          0x0000000008000f6c        0x4 /home/usuario/st/stm32cubeide_1.7.0/plugins/com.st.stm32cube.ide.mcu.externaltools.gnu-tools-for-stm32.9-2020-q2-update.linux64_2.0.0.202105311346/tools/bin/../lib/gcc/arm-none-eabi/9.3.1/thumb/v7e-m+fp/hard/libgcc.a(_dvmd_tls.o)
                0x0000000008000f6c                __aeabi_ldiv0
                0x0000000008000f6c                __aeabi_idiv0
 *(.text*)
 .text.__NVIC_SystemReset
                0x0000000008000f70       0x2c ./Core/Src/main.o
 .text.selTemp  0x0000000008000f9c       0x40 ./Core/Src/main.o
                0x0000000008000f9c                selTemp
 .text.selLight
                0x0000000008000fdc       0x3c ./Core/Src/main.o
                0x0000000008000fdc                selLight
 .text.selRoll  0x0000000008001018       0x3c ./Core/Src/main.o
                0x0000000008001018                selRoll
 .text.selPitch
                0x0000000008001054       0x3c ./Core/Src/main.o
                0x0000000008001054                selPitch
 .text.selYaw   0x0000000008001090       0x3c ./Core/Src/main.o
                0x0000000008001090                selYaw
 .text.buildMessage
                0x00000000080010cc       0x88 ./Core/Src/main.o
                0x00000000080010cc                buildMessage
 *fill*         0x0000000008001154        0x4 
 .text.changeTiltUnit
                0x0000000008001158       0x70 ./Core/Src/main.o
                0x0000000008001158                changeTiltUnit
 .text.changeTempUnit
                0x00000000080011c8      0x124 ./Core/Src/main.o
                0x00000000080011c8                changeTempUnit
 *fill*         0x00000000080012ec        0x4 
 .text.convertTemp
                0x00000000080012f0       0x94 ./Core/Src/main.o
                0x00000000080012f0                convertTemp
 *fill*         0x0000000008001384        0x4 
 .text.convertLight
                0x0000000008001388       0xdc ./Core/Src/main.o
                0x0000000008001388                convertLight
 *fill*         0x0000000008001464        0x4 
 .text.convertTilt
                0x0000000008001468      0x1c4 ./Core/Src/main.o
                0x0000000008001468                convertTilt
 .text.HAL_UART_TxCpltCallback
                0x000000000800162c       0x1c ./Core/Src/main.o
                0x000000000800162c                HAL_UART_TxCpltCallback
 .text.changeLed
                0x0000000008001648       0x8c ./Core/Src/main.o
                0x0000000008001648                changeLed
 .text.main     0x00000000080016d4      0x250 ./Core/Src/main.o
                0x00000000080016d4                main
 .text.SystemClock_Config
                0x0000000008001924       0xd4 ./Core/Src/main.o
                0x0000000008001924                SystemClock_Config
 .text.MX_ADC1_Init
                0x00000000080019f8       0x84 ./Core/Src/main.o
 .text.MX_USART2_UART_Init
                0x0000000008001a7c       0x54 ./Core/Src/main.o
 .text.MX_GPIO_Init
                0x0000000008001ad0      0x110 ./Core/Src/main.o
 .text.startSerialConfig
                0x0000000008001be0       0x10 ./Core/Src/main.o
                0x0000000008001be0                startSerialConfig
 .text.startSendSerial
                0x0000000008001bf0       0xf0 ./Core/Src/main.o
                0x0000000008001bf0                startSendSerial
 .text.startGetTemp
                0x0000000008001ce0       0xb0 ./Core/Src/main.o
                0x0000000008001ce0                startGetTemp
 .text.startGetLight
                0x0000000008001d90       0x94 ./Core/Src/main.o
                0x0000000008001d90                startGetLight
 .text.startGetRoll
                0x0000000008001e24       0xac ./Core/Src/main.o
                0x0000000008001e24                startGetRoll
 .text.startGetPitch
                0x0000000008001ed0       0xac ./Core/Src/main.o
                0x0000000008001ed0                startGetPitch
 .text.startGetYaw
                0x0000000008001f7c       0xac ./Core/Src/main.o
                0x0000000008001f7c                startGetYaw
 .text.StartTask08
                0x0000000008002028       0x24 ./Core/Src/main.o
                0x0000000008002028                StartTask08
 .text.Error_Handler
                0x000000000800204c        0xa ./Core/Src/main.o
                0x000000000800204c                Error_Handler
 *fill*         0x0000000008002056        0x2 
 .text.HAL_MspInit
                0x0000000008002058       0x58 ./Core/Src/stm32f4xx_hal_msp.o
                0x0000000008002058                HAL_MspInit
 .text.HAL_ADC_MspInit
                0x00000000080020b0       0x88 ./Core/Src/stm32f4xx_hal_msp.o
                0x00000000080020b0                HAL_ADC_MspInit
 .text.HAL_UART_MspInit
                0x0000000008002138       0xa0 ./Core/Src/stm32f4xx_hal_msp.o
                0x0000000008002138                HAL_UART_MspInit
 .text.NMI_Handler
                0x00000000080021d8        0x6 ./Core/Src/stm32f4xx_it.o
                0x00000000080021d8                NMI_Handler
 .text.HardFault_Handler
                0x00000000080021de        0x6 ./Core/Src/stm32f4xx_it.o
                0x00000000080021de                HardFault_Handler
 .text.MemManage_Handler
                0x00000000080021e4        0x6 ./Core/Src/stm32f4xx_it.o
                0x00000000080021e4                MemManage_Handler
 .text.BusFault_Handler
                0x00000000080021ea        0x6 ./Core/Src/stm32f4xx_it.o
                0x00000000080021ea                BusFault_Handler
 .text.UsageFault_Handler
                0x00000000080021f0        0x6 ./Core/Src/stm32f4xx_it.o
                0x00000000080021f0                UsageFault_Handler
 .text.DebugMon_Handler
                0x00000000080021f6        0xe ./Core/Src/stm32f4xx_it.o
                0x00000000080021f6                DebugMon_Handler
 .text.SysTick_Handler
                0x0000000008002204       0x1a ./Core/Src/stm32f4xx_it.o
                0x0000000008002204                SysTick_Handler
 *fill*         0x000000000800221e        0x2 
 .text.USART2_IRQHandler
                0x0000000008002220       0x14 ./Core/Src/stm32f4xx_it.o
                0x0000000008002220                USART2_IRQHandler
 .text._getpid  0x0000000008002234       0x10 ./Core/Src/syscalls.o
                0x0000000008002234                _getpid
 .text._kill    0x0000000008002244       0x20 ./Core/Src/syscalls.o
                0x0000000008002244                _kill
 .text._exit    0x0000000008002264       0x14 ./Core/Src/syscalls.o
                0x0000000008002264                _exit
 .text._read    0x0000000008002278       0x3a ./Core/Src/syscalls.o
                0x0000000008002278                _read
 .text._write   0x00000000080022b2       0x38 ./Core/Src/syscalls.o
                0x00000000080022b2                _write
 .text._close   0x00000000080022ea       0x18 ./Core/Src/syscalls.o
                0x00000000080022ea                _close
 .text._fstat   0x0000000008002302       0x20 ./Core/Src/syscalls.o
                0x0000000008002302                _fstat
 .text._isatty  0x0000000008002322       0x16 ./Core/Src/syscalls.o
                0x0000000008002322                _isatty
 .text._lseek   0x0000000008002338       0x1a ./Core/Src/syscalls.o
                0x0000000008002338                _lseek
 *fill*         0x0000000008002352        0x2 
 .text._sbrk    0x0000000008002354       0x6c ./Core/Src/sysmem.o
                0x0000000008002354                _sbrk
 .text.SystemInit
                0x00000000080023c0       0x24 ./Core/Src/system_stm32f4xx.o
                0x00000000080023c0                SystemInit
 .text.Reset_Handler
                0x00000000080023e4       0x50 ./Core/Startup/startup_stm32f411retx.o
                0x00000000080023e4                Reset_Handler
 .text.Default_Handler
                0x0000000008002434        0x2 ./Core/Startup/startup_stm32f411retx.o
                0x0000000008002434                RTC_Alarm_IRQHandler
                0x0000000008002434                EXTI2_IRQHandler
                0x0000000008002434                SPI4_IRQHandler
                0x0000000008002434                TIM1_CC_IRQHandler
                0x0000000008002434                DMA2_Stream5_IRQHandler
                0x0000000008002434                DMA1_Stream5_IRQHandler
                0x0000000008002434                PVD_IRQHandler
                0x0000000008002434                SDIO_IRQHandler
                0x0000000008002434                TAMP_STAMP_IRQHandler
                0x0000000008002434                EXTI3_IRQHandler
                0x0000000008002434                TIM1_UP_TIM10_IRQHandler
                0x0000000008002434                I2C3_ER_IRQHandler
                0x0000000008002434                EXTI0_IRQHandler
                0x0000000008002434                I2C2_EV_IRQHandler
                0x0000000008002434                DMA1_Stream2_IRQHandler
                0x0000000008002434                FPU_IRQHandler
                0x0000000008002434                DMA2_Stream2_IRQHandler
                0x0000000008002434                SPI1_IRQHandler
                0x0000000008002434                TIM1_BRK_TIM9_IRQHandler
                0x0000000008002434                DMA2_Stream3_IRQHandler
                0x0000000008002434                USART6_IRQHandler
                0x0000000008002434                DMA2_Stream0_IRQHandler
                0x0000000008002434                TIM4_IRQHandler
                0x0000000008002434                I2C1_EV_IRQHandler
                0x0000000008002434                DMA1_Stream6_IRQHandler
                0x0000000008002434                DMA1_Stream1_IRQHandler
                0x0000000008002434                TIM3_IRQHandler
                0x0000000008002434                RCC_IRQHandler
                0x0000000008002434                Default_Handler
                0x0000000008002434                EXTI15_10_IRQHandler
                0x0000000008002434                ADC_IRQHandler
                0x0000000008002434                DMA1_Stream7_IRQHandler
                0x0000000008002434                SPI5_IRQHandler
                0x0000000008002434                TIM5_IRQHandler
                0x0000000008002434                DMA2_Stream7_IRQHandler
                0x0000000008002434                I2C3_EV_IRQHandler
                0x0000000008002434                EXTI9_5_IRQHandler
                0x0000000008002434                RTC_WKUP_IRQHandler
                0x0000000008002434                SPI2_IRQHandler
                0x0000000008002434                DMA1_Stream0_IRQHandler
                0x0000000008002434                EXTI4_IRQHandler
                0x0000000008002434                WWDG_IRQHandler
                0x0000000008002434                TIM2_IRQHandler
                0x0000000008002434                OTG_FS_WKUP_IRQHandler
                0x0000000008002434                TIM1_TRG_COM_TIM11_IRQHandler
                0x0000000008002434                EXTI1_IRQHandler
                0x0000000008002434                I2C2_ER_IRQHandler
                0x0000000008002434                DMA2_Stream1_IRQHandler
                0x0000000008002434                FLASH_IRQHandler
                0x0000000008002434                DMA2_Stream4_IRQHandler
                0x0000000008002434                USART1_IRQHandler
                0x0000000008002434                OTG_FS_IRQHandler
                0x0000000008002434                SPI3_IRQHandler
                0x0000000008002434                DMA1_Stream4_IRQHandler
                0x0000000008002434                I2C1_ER_IRQHandler
                0x0000000008002434                DMA2_Stream6_IRQHandler
                0x0000000008002434                DMA1_Stream3_IRQHandler
 *fill*         0x0000000008002436        0x2 
 .text.HAL_Init
                0x0000000008002438       0x44 ./Drivers/STM32F4xx_HAL_Driver/Src/stm32f4xx_hal.o
                0x0000000008002438                HAL_Init
 .text.HAL_InitTick
                0x000000000800247c       0x60 ./Drivers/STM32F4xx_HAL_Driver/Src/stm32f4xx_hal.o
                0x000000000800247c                HAL_InitTick
 .text.HAL_IncTick
                0x00000000080024dc       0x28 ./Drivers/STM32F4xx_HAL_Driver/Src/stm32f4xx_hal.o
                0x00000000080024dc                HAL_IncTick
 .text.HAL_GetTick
                0x0000000008002504       0x18 ./Drivers/STM32F4xx_HAL_Driver/Src/stm32f4xx_hal.o
                0x0000000008002504                HAL_GetTick
 .text.HAL_Delay
                0x000000000800251c       0x48 ./Drivers/STM32F4xx_HAL_Driver/Src/stm32f4xx_hal.o
                0x000000000800251c                HAL_Delay
 .text.HAL_ADC_Init
                0x0000000008002564       0x86 ./Drivers/STM32F4xx_HAL_Driver/Src/stm32f4xx_hal_adc.o
                0x0000000008002564                HAL_ADC_Init
 *fill*         0x00000000080025ea        0x2 
 .text.HAL_ADC_Start
                0x00000000080025ec      0x168 ./Drivers/STM32F4xx_HAL_Driver/Src/stm32f4xx_hal_adc.o
                0x00000000080025ec                HAL_ADC_Start
 .text.HAL_ADC_Stop
                0x0000000008002754       0x66 ./Drivers/STM32F4xx_HAL_Driver/Src/stm32f4xx_hal_adc.o
                0x0000000008002754                HAL_ADC_Stop
 .text.HAL_ADC_PollForConversion
                0x00000000080027ba      0x116 ./Drivers/STM32F4xx_HAL_Driver/Src/stm32f4xx_hal_adc.o
                0x00000000080027ba                HAL_ADC_PollForConversion
 .text.HAL_ADC_GetValue
                0x00000000080028d0       0x1a ./Drivers/STM32F4xx_HAL_Driver/Src/stm32f4xx_hal_adc.o
                0x00000000080028d0                HAL_ADC_GetValue
 *fill*         0x00000000080028ea        0x2 
 .text.HAL_ADC_ConfigChannel
                0x00000000080028ec      0x264 ./Drivers/STM32F4xx_HAL_Driver/Src/stm32f4xx_hal_adc.o
                0x00000000080028ec                HAL_ADC_ConfigChannel
 .text.ADC_Init
                0x0000000008002b50      0x1f8 ./Drivers/STM32F4xx_HAL_Driver/Src/stm32f4xx_hal_adc.o
 .text.__NVIC_SetPriorityGrouping
                0x0000000008002d48       0x48 ./Drivers/STM32F4xx_HAL_Driver/Src/stm32f4xx_hal_cortex.o
 .text.__NVIC_GetPriorityGrouping
                0x0000000008002d90       0x1c ./Drivers/STM32F4xx_HAL_Driver/Src/stm32f4xx_hal_cortex.o
 .text.__NVIC_EnableIRQ
                0x0000000008002dac       0x3c ./Drivers/STM32F4xx_HAL_Driver/Src/stm32f4xx_hal_cortex.o
 .text.__NVIC_SetPriority
                0x0000000008002de8       0x54 ./Drivers/STM32F4xx_HAL_Driver/Src/stm32f4xx_hal_cortex.o
 .text.NVIC_EncodePriority
                0x0000000008002e3c       0x66 ./Drivers/STM32F4xx_HAL_Driver/Src/stm32f4xx_hal_cortex.o
 *fill*         0x0000000008002ea2        0x2 
 .text.SysTick_Config
                0x0000000008002ea4       0x44 ./Drivers/STM32F4xx_HAL_Driver/Src/stm32f4xx_hal_cortex.o
 .text.HAL_NVIC_SetPriorityGrouping
                0x0000000008002ee8       0x16 ./Drivers/STM32F4xx_HAL_Driver/Src/stm32f4xx_hal_cortex.o
                0x0000000008002ee8                HAL_NVIC_SetPriorityGrouping
 .text.HAL_NVIC_SetPriority
                0x0000000008002efe       0x38 ./Drivers/STM32F4xx_HAL_Driver/Src/stm32f4xx_hal_cortex.o
                0x0000000008002efe                HAL_NVIC_SetPriority
 .text.HAL_NVIC_EnableIRQ
                0x0000000008002f36       0x1c ./Drivers/STM32F4xx_HAL_Driver/Src/stm32f4xx_hal_cortex.o
                0x0000000008002f36                HAL_NVIC_EnableIRQ
 .text.HAL_SYSTICK_Config
                0x0000000008002f52       0x18 ./Drivers/STM32F4xx_HAL_Driver/Src/stm32f4xx_hal_cortex.o
                0x0000000008002f52                HAL_SYSTICK_Config
 .text.HAL_DMA_Abort
                0x0000000008002f6a       0xe0 ./Drivers/STM32F4xx_HAL_Driver/Src/stm32f4xx_hal_dma.o
                0x0000000008002f6a                HAL_DMA_Abort
 .text.HAL_DMA_Abort_IT
                0x000000000800304a       0x44 ./Drivers/STM32F4xx_HAL_Driver/Src/stm32f4xx_hal_dma.o
                0x000000000800304a                HAL_DMA_Abort_IT
 *fill*         0x000000000800308e        0x2 
 .text.HAL_GPIO_Init
                0x0000000008003090      0x308 ./Drivers/STM32F4xx_HAL_Driver/Src/stm32f4xx_hal_gpio.o
                0x0000000008003090                HAL_GPIO_Init
 .text.HAL_GPIO_WritePin
                0x0000000008003398       0x32 ./Drivers/STM32F4xx_HAL_Driver/Src/stm32f4xx_hal_gpio.o
                0x0000000008003398                HAL_GPIO_WritePin
 .text.HAL_GPIO_TogglePin
                0x00000000080033ca       0x34 ./Drivers/STM32F4xx_HAL_Driver/Src/stm32f4xx_hal_gpio.o
                0x00000000080033ca                HAL_GPIO_TogglePin
 *fill*         0x00000000080033fe        0x2 
 .text.HAL_RCC_OscConfig
                0x0000000008003400      0x4f0 ./Drivers/STM32F4xx_HAL_Driver/Src/stm32f4xx_hal_rcc.o
                0x0000000008003400                HAL_RCC_OscConfig
 .text.HAL_RCC_ClockConfig
                0x00000000080038f0      0x1cc ./Drivers/STM32F4xx_HAL_Driver/Src/stm32f4xx_hal_rcc.o
                0x00000000080038f0                HAL_RCC_ClockConfig
 .text.HAL_RCC_GetSysClockFreq
                0x0000000008003abc      0x1c4 ./Drivers/STM32F4xx_HAL_Driver/Src/stm32f4xx_hal_rcc.o
                0x0000000008003abc                HAL_RCC_GetSysClockFreq
 .text.HAL_RCC_GetHCLKFreq
                0x0000000008003c80       0x18 ./Drivers/STM32F4xx_HAL_Driver/Src/stm32f4xx_hal_rcc.o
                0x0000000008003c80                HAL_RCC_GetHCLKFreq
 .text.HAL_RCC_GetPCLK1Freq
                0x0000000008003c98       0x28 ./Drivers/STM32F4xx_HAL_Driver/Src/stm32f4xx_hal_rcc.o
                0x0000000008003c98                HAL_RCC_GetPCLK1Freq
 .text.HAL_RCC_GetPCLK2Freq
                0x0000000008003cc0       0x28 ./Drivers/STM32F4xx_HAL_Driver/Src/stm32f4xx_hal_rcc.o
                0x0000000008003cc0                HAL_RCC_GetPCLK2Freq
 .text.HAL_UART_Init
                0x0000000008003ce8       0x9a ./Drivers/STM32F4xx_HAL_Driver/Src/stm32f4xx_hal_uart.o
                0x0000000008003ce8                HAL_UART_Init
 .text.HAL_UART_Transmit
                0x0000000008003d82      0x124 ./Drivers/STM32F4xx_HAL_Driver/Src/stm32f4xx_hal_uart.o
                0x0000000008003d82                HAL_UART_Transmit
 .text.HAL_UART_Receive
                0x0000000008003ea6      0x144 ./Drivers/STM32F4xx_HAL_Driver/Src/stm32f4xx_hal_uart.o
                0x0000000008003ea6                HAL_UART_Receive
 *fill*         0x0000000008003fea        0x2 
 .text.HAL_UART_IRQHandler
                0x0000000008003fec      0x51c ./Drivers/STM32F4xx_HAL_Driver/Src/stm32f4xx_hal_uart.o
                0x0000000008003fec                HAL_UART_IRQHandler
 .text.HAL_UART_RxCpltCallback
                0x0000000008004508       0x14 ./Drivers/STM32F4xx_HAL_Driver/Src/stm32f4xx_hal_uart.o
                0x0000000008004508                HAL_UART_RxCpltCallback
 .text.HAL_UART_ErrorCallback
                0x000000000800451c       0x14 ./Drivers/STM32F4xx_HAL_Driver/Src/stm32f4xx_hal_uart.o
                0x000000000800451c                HAL_UART_ErrorCallback
 .text.HAL_UARTEx_RxEventCallback
                0x0000000008004530       0x18 ./Drivers/STM32F4xx_HAL_Driver/Src/stm32f4xx_hal_uart.o
                0x0000000008004530                HAL_UARTEx_RxEventCallback
 .text.UART_WaitOnFlagUntilTimeout
                0x0000000008004548       0xdc ./Drivers/STM32F4xx_HAL_Driver/Src/stm32f4xx_hal_uart.o
 .text.UART_EndRxTransfer
                0x0000000008004624       0xc6 ./Drivers/STM32F4xx_HAL_Driver/Src/stm32f4xx_hal_uart.o
 .text.UART_DMAAbortOnError
                0x00000000080046ea       0x28 ./Drivers/STM32F4xx_HAL_Driver/Src/stm32f4xx_hal_uart.o
 .text.UART_Transmit_IT
                0x0000000008004712       0xa0 ./Drivers/STM32F4xx_HAL_Driver/Src/stm32f4xx_hal_uart.o
 .text.UART_EndTransmit_IT
                0x00000000080047b2       0x30 ./Drivers/STM32F4xx_HAL_Driver/Src/stm32f4xx_hal_uart.o
 .text.UART_Receive_IT
                0x00000000080047e2      0x176 ./Drivers/STM32F4xx_HAL_Driver/Src/stm32f4xx_hal_uart.o
 .text.UART_SetConfig
                0x0000000008004958      0x390 ./Drivers/STM32F4xx_HAL_Driver/Src/stm32f4xx_hal_uart.o
 .text.__NVIC_SetPriority
                0x0000000008004ce8       0x54 ./Middlewares/Third_Party/FreeRTOS/Source/CMSIS_RTOS_V2/cmsis_os2.o
 .text.SVC_Setup
                0x0000000008004d3c       0x12 ./Middlewares/Third_Party/FreeRTOS/Source/CMSIS_RTOS_V2/cmsis_os2.o
 *fill*         0x0000000008004d4e        0x2 
 .text.osKernelInitialize
                0x0000000008004d50       0x48 ./Middlewares/Third_Party/FreeRTOS/Source/CMSIS_RTOS_V2/cmsis_os2.o
                0x0000000008004d50                osKernelInitialize
 .text.osKernelStart
                0x0000000008004d98       0x4c ./Middlewares/Third_Party/FreeRTOS/Source/CMSIS_RTOS_V2/cmsis_os2.o
                0x0000000008004d98                osKernelStart
 .text.osThreadNew
                0x0000000008004de4      0x124 ./Middlewares/Third_Party/FreeRTOS/Source/CMSIS_RTOS_V2/cmsis_os2.o
                0x0000000008004de4                osThreadNew
 .text.osDelay  0x0000000008004f08       0x36 ./Middlewares/Third_Party/FreeRTOS/Source/CMSIS_RTOS_V2/cmsis_os2.o
                0x0000000008004f08                osDelay
 .text.osEventFlagsNew
                0x0000000008004f3e       0x7e ./Middlewares/Third_Party/FreeRTOS/Source/CMSIS_RTOS_V2/cmsis_os2.o
                0x0000000008004f3e                osEventFlagsNew
 .text.osMutexNew
                0x0000000008004fbc      0x10c ./Middlewares/Third_Party/FreeRTOS/Source/CMSIS_RTOS_V2/cmsis_os2.o
                0x0000000008004fbc                osMutexNew
 .text.osMutexAcquire
                0x00000000080050c8       0x96 ./Middlewares/Third_Party/FreeRTOS/Source/CMSIS_RTOS_V2/cmsis_os2.o
                0x00000000080050c8                osMutexAcquire
 .text.osMutexRelease
                0x000000000800515e       0x7a ./Middlewares/Third_Party/FreeRTOS/Source/CMSIS_RTOS_V2/cmsis_os2.o
                0x000000000800515e                osMutexRelease
 .text.osMessageQueueNew
                0x00000000080051d8       0xe6 ./Middlewares/Third_Party/FreeRTOS/Source/CMSIS_RTOS_V2/cmsis_os2.o
                0x00000000080051d8                osMessageQueueNew
 *fill*         0x00000000080052be        0x2 
 .text.osMessageQueuePut
                0x00000000080052c0       0xc0 ./Middlewares/Third_Party/FreeRTOS/Source/CMSIS_RTOS_V2/cmsis_os2.o
                0x00000000080052c0                osMessageQueuePut
 .text.osMessageQueueGet
                0x0000000008005380       0xbc ./Middlewares/Third_Party/FreeRTOS/Source/CMSIS_RTOS_V2/cmsis_os2.o
                0x0000000008005380                osMessageQueueGet
 .text.vApplicationGetIdleTaskMemory
                0x000000000800543c       0x34 ./Middlewares/Third_Party/FreeRTOS/Source/CMSIS_RTOS_V2/cmsis_os2.o
                0x000000000800543c                vApplicationGetIdleTaskMemory
 .text.vApplicationGetTimerTaskMemory
                0x0000000008005470       0x34 ./Middlewares/Third_Party/FreeRTOS/Source/CMSIS_RTOS_V2/cmsis_os2.o
                0x0000000008005470                vApplicationGetTimerTaskMemory
 .text.xEventGroupCreateStatic
                0x00000000080054a4       0x6e ./Middlewares/Third_Party/FreeRTOS/Source/event_groups.o
                0x00000000080054a4                xEventGroupCreateStatic
 .text.xEventGroupCreate
                0x0000000008005512       0x34 ./Middlewares/Third_Party/FreeRTOS/Source/event_groups.o
                0x0000000008005512                xEventGroupCreate
 .text.vListInitialise
                0x0000000008005546       0x40 ./Middlewares/Third_Party/FreeRTOS/Source/list.o
                0x0000000008005546                vListInitialise
 .text.vListInitialiseItem
                0x0000000008005586       0x1a ./Middlewares/Third_Party/FreeRTOS/Source/list.o
                0x0000000008005586                vListInitialiseItem
 .text.vListInsertEnd
                0x00000000080055a0       0x48 ./Middlewares/Third_Party/FreeRTOS/Source/list.o
                0x00000000080055a0                vListInsertEnd
 .text.vListInsert
                0x00000000080055e8       0x72 ./Middlewares/Third_Party/FreeRTOS/Source/list.o
                0x00000000080055e8                vListInsert
 .text.uxListRemove
                0x000000000800565a       0x54 ./Middlewares/Third_Party/FreeRTOS/Source/list.o
                0x000000000800565a                uxListRemove
 *fill*         0x00000000080056ae        0x2 
 .text.xQueueGenericReset
                0x00000000080056b0       0xd0 ./Middlewares/Third_Party/FreeRTOS/Source/queue.o
                0x00000000080056b0                xQueueGenericReset
 .text.xQueueGenericCreateStatic
                0x0000000008005780       0xf0 ./Middlewares/Third_Party/FreeRTOS/Source/queue.o
                0x0000000008005780                xQueueGenericCreateStatic
 .text.xQueueGenericCreate
                0x0000000008005870       0x74 ./Middlewares/Third_Party/FreeRTOS/Source/queue.o
                0x0000000008005870                xQueueGenericCreate
 .text.prvInitialiseNewQueue
                0x00000000080058e4       0x46 ./Middlewares/Third_Party/FreeRTOS/Source/queue.o
 .text.prvInitialiseMutex
                0x000000000800592a       0x34 ./Middlewares/Third_Party/FreeRTOS/Source/queue.o
 .text.xQueueCreateMutex
                0x000000000800595e       0x30 ./Middlewares/Third_Party/FreeRTOS/Source/queue.o
                0x000000000800595e                xQueueCreateMutex
 .text.xQueueCreateMutexStatic
                0x000000000800598e       0x36 ./Middlewares/Third_Party/FreeRTOS/Source/queue.o
                0x000000000800598e                xQueueCreateMutexStatic
 .text.xQueueGiveMutexRecursive
                0x00000000080059c4       0x68 ./Middlewares/Third_Party/FreeRTOS/Source/queue.o
                0x00000000080059c4                xQueueGiveMutexRecursive
 .text.xQueueTakeMutexRecursive
                0x0000000008005a2c       0x6c ./Middlewares/Third_Party/FreeRTOS/Source/queue.o
                0x0000000008005a2c                xQueueTakeMutexRecursive
 .text.xQueueGenericSend
                0x0000000008005a98      0x1fc ./Middlewares/Third_Party/FreeRTOS/Source/queue.o
                0x0000000008005a98                xQueueGenericSend
 .text.xQueueGenericSendFromISR
                0x0000000008005c94      0x136 ./Middlewares/Third_Party/FreeRTOS/Source/queue.o
                0x0000000008005c94                xQueueGenericSendFromISR
 *fill*         0x0000000008005dca        0x2 
 .text.xQueueReceive
                0x0000000008005dcc      0x1c0 ./Middlewares/Third_Party/FreeRTOS/Source/queue.o
                0x0000000008005dcc                xQueueReceive
 .text.xQueueSemaphoreTake
                0x0000000008005f8c      0x218 ./Middlewares/Third_Party/FreeRTOS/Source/queue.o
                0x0000000008005f8c                xQueueSemaphoreTake
 .text.xQueueReceiveFromISR
                0x00000000080061a4      0x100 ./Middlewares/Third_Party/FreeRTOS/Source/queue.o
                0x00000000080061a4                xQueueReceiveFromISR
 .text.prvGetDisinheritPriorityAfterTimeout
                0x00000000080062a4       0x30 ./Middlewares/Third_Party/FreeRTOS/Source/queue.o
 .text.prvCopyDataToQueue
                0x00000000080062d4       0xd4 ./Middlewares/Third_Party/FreeRTOS/Source/queue.o
 .text.prvCopyDataFromQueue
                0x00000000080063a8       0x4c ./Middlewares/Third_Party/FreeRTOS/Source/queue.o
 .text.prvUnlockQueue
                0x00000000080063f4       0xa4 ./Middlewares/Third_Party/FreeRTOS/Source/queue.o
 .text.prvIsQueueEmpty
                0x0000000008006498       0x2c ./Middlewares/Third_Party/FreeRTOS/Source/queue.o
 .text.prvIsQueueFull
                0x00000000080064c4       0x30 ./Middlewares/Third_Party/FreeRTOS/Source/queue.o
 .text.vQueueAddToRegistry
                0x00000000080064f4       0x54 ./Middlewares/Third_Party/FreeRTOS/Source/queue.o
                0x00000000080064f4                vQueueAddToRegistry
 .text.vQueueWaitForMessageRestricted
                0x0000000008006548       0x68 ./Middlewares/Third_Party/FreeRTOS/Source/queue.o
                0x0000000008006548                vQueueWaitForMessageRestricted
 .text.xTaskCreateStatic
                0x00000000080065b0       0xba ./Middlewares/Third_Party/FreeRTOS/Source/tasks.o
                0x00000000080065b0                xTaskCreateStatic
 .text.xTaskCreate
                0x000000000800666a       0x8a ./Middlewares/Third_Party/FreeRTOS/Source/tasks.o
                0x000000000800666a                xTaskCreate
 .text.prvInitialiseNewTask
                0x00000000080066f4      0x11e ./Middlewares/Third_Party/FreeRTOS/Source/tasks.o
 *fill*         0x0000000008006812        0x2 
 .text.prvAddNewTaskToReadyList
                0x0000000008006814       0xe0 ./Middlewares/Third_Party/FreeRTOS/Source/tasks.o
 .text.vTaskDelay
                0x00000000080068f4       0x68 ./Middlewares/Third_Party/FreeRTOS/Source/tasks.o
                0x00000000080068f4                vTaskDelay
 .text.vTaskSuspend
                0x000000000800695c       0xec ./Middlewares/Third_Party/FreeRTOS/Source/tasks.o
                0x000000000800695c                vTaskSuspend
 .text.vTaskStartScheduler
                0x0000000008006a48       0xcc ./Middlewares/Third_Party/FreeRTOS/Source/tasks.o
                0x0000000008006a48                vTaskStartScheduler
 .text.vTaskSuspendAll
                0x0000000008006b14       0x1c ./Middlewares/Third_Party/FreeRTOS/Source/tasks.o
                0x0000000008006b14                vTaskSuspendAll
 .text.xTaskResumeAll
                0x0000000008006b30      0x13c ./Middlewares/Third_Party/FreeRTOS/Source/tasks.o
                0x0000000008006b30                xTaskResumeAll
 .text.xTaskGetTickCount
                0x0000000008006c6c       0x20 ./Middlewares/Third_Party/FreeRTOS/Source/tasks.o
                0x0000000008006c6c                xTaskGetTickCount
 .text.xTaskIncrementTick
                0x0000000008006c8c      0x174 ./Middlewares/Third_Party/FreeRTOS/Source/tasks.o
                0x0000000008006c8c                xTaskIncrementTick
 .text.vTaskSwitchContext
                0x0000000008006e00       0xbc ./Middlewares/Third_Party/FreeRTOS/Source/tasks.o
                0x0000000008006e00                vTaskSwitchContext
 .text.vTaskPlaceOnEventList
                0x0000000008006ebc       0x48 ./Middlewares/Third_Party/FreeRTOS/Source/tasks.o
                0x0000000008006ebc                vTaskPlaceOnEventList
 .text.vTaskPlaceOnEventListRestricted
                0x0000000008006f04       0x58 ./Middlewares/Third_Party/FreeRTOS/Source/tasks.o
                0x0000000008006f04                vTaskPlaceOnEventListRestricted
 .text.xTaskRemoveFromEventList
                0x0000000008006f5c       0xc8 ./Middlewares/Third_Party/FreeRTOS/Source/tasks.o
                0x0000000008006f5c                xTaskRemoveFromEventList
 .text.vTaskInternalSetTimeOutState
                0x0000000008007024       0x2c ./Middlewares/Third_Party/FreeRTOS/Source/tasks.o
                0x0000000008007024                vTaskInternalSetTimeOutState
 .text.xTaskCheckForTimeOut
                0x0000000008007050       0xc4 ./Middlewares/Third_Party/FreeRTOS/Source/tasks.o
                0x0000000008007050                xTaskCheckForTimeOut
 .text.vTaskMissedYield
                0x0000000008007114       0x18 ./Middlewares/Third_Party/FreeRTOS/Source/tasks.o
                0x0000000008007114                vTaskMissedYield
 .text.prvIdleTask
                0x000000000800712c       0x30 ./Middlewares/Third_Party/FreeRTOS/Source/tasks.o
 .text.prvInitialiseTaskLists
                0x000000000800715c       0x80 ./Middlewares/Third_Party/FreeRTOS/Source/tasks.o
 .text.prvCheckTasksWaitingTermination
                0x00000000080071dc       0x5c ./Middlewares/Third_Party/FreeRTOS/Source/tasks.o
 .text.prvDeleteTCB
                0x0000000008007238       0x5e ./Middlewares/Third_Party/FreeRTOS/Source/tasks.o
 *fill*         0x0000000008007296        0x2 
 .text.prvResetNextTaskUnblockTime
                0x0000000008007298       0x40 ./Middlewares/Third_Party/FreeRTOS/Source/tasks.o
 .text.xTaskGetCurrentTaskHandle
                0x00000000080072d8       0x20 ./Middlewares/Third_Party/FreeRTOS/Source/tasks.o
                0x00000000080072d8                xTaskGetCurrentTaskHandle
 .text.xTaskGetSchedulerState
                0x00000000080072f8       0x3c ./Middlewares/Third_Party/FreeRTOS/Source/tasks.o
                0x00000000080072f8                xTaskGetSchedulerState
 .text.xTaskPriorityInherit
                0x0000000008007334       0xd0 ./Middlewares/Third_Party/FreeRTOS/Source/tasks.o
                0x0000000008007334                xTaskPriorityInherit
 .text.xTaskPriorityDisinherit
                0x0000000008007404       0xdc ./Middlewares/Third_Party/FreeRTOS/Source/tasks.o
                0x0000000008007404                xTaskPriorityDisinherit
 .text.vTaskPriorityDisinheritAfterTimeout
                0x00000000080074e0      0x104 ./Middlewares/Third_Party/FreeRTOS/Source/tasks.o
                0x00000000080074e0                vTaskPriorityDisinheritAfterTimeout
 .text.pvTaskIncrementMutexHeldCount
                0x00000000080075e4       0x28 ./Middlewares/Third_Party/FreeRTOS/Source/tasks.o
                0x00000000080075e4                pvTaskIncrementMutexHeldCount
 .text.prvAddCurrentTaskToDelayedList
                0x000000000800760c       0xa8 ./Middlewares/Third_Party/FreeRTOS/Source/tasks.o
 .text.xTimerCreateTimerTask
                0x00000000080076b4       0x90 ./Middlewares/Third_Party/FreeRTOS/Source/timers.o
                0x00000000080076b4                xTimerCreateTimerTask
 .text.xTimerGenericCommand
                0x0000000008007744       0x9c ./Middlewares/Third_Party/FreeRTOS/Source/timers.o
                0x0000000008007744                xTimerGenericCommand
 .text.prvProcessExpiredTimer
                0x00000000080077e0       0x98 ./Middlewares/Third_Party/FreeRTOS/Source/timers.o
 .text.prvTimerTask
                0x0000000008007878       0x24 ./Middlewares/Third_Party/FreeRTOS/Source/timers.o
 .text.prvProcessTimerOrBlockTask
                0x000000000800789c       0x9c ./Middlewares/Third_Party/FreeRTOS/Source/timers.o
 .text.prvGetNextExpireTime
                0x0000000008007938       0x48 ./Middlewares/Third_Party/FreeRTOS/Source/timers.o
 .text.prvSampleTimeNow
                0x0000000008007980       0x40 ./Middlewares/Third_Party/FreeRTOS/Source/timers.o
 .text.prvInsertTimerInActiveList
                0x00000000080079c0       0x84 ./Middlewares/Third_Party/FreeRTOS/Source/timers.o
 .text.prvProcessReceivedCommands
                0x0000000008007a44      0x1c4 ./Middlewares/Third_Party/FreeRTOS/Source/timers.o
 .text.prvSwitchTimerLists
                0x0000000008007c08       0xc8 ./Middlewares/Third_Party/FreeRTOS/Source/timers.o
 .text.prvCheckForValidListAndQueue
                0x0000000008007cd0       0x80 ./Middlewares/Third_Party/FreeRTOS/Source/timers.o
 .text.pxPortInitialiseStack
                0x0000000008007d50       0x68 ./Middlewares/Third_Party/FreeRTOS/Source/portable/GCC/ARM_CM4F/port.o
                0x0000000008007d50                pxPortInitialiseStack
 .text.prvTaskExitError
                0x0000000008007db8       0x58 ./Middlewares/Third_Party/FreeRTOS/Source/portable/GCC/ARM_CM4F/port.o
 .text.SVC_Handler
                0x0000000008007e10       0x28 ./Middlewares/Third_Party/FreeRTOS/Source/portable/GCC/ARM_CM4F/port.o
                0x0000000008007e10                SVC_Handler
 .text.prvPortStartFirstTask
                0x0000000008007e38       0x28 ./Middlewares/Third_Party/FreeRTOS/Source/portable/GCC/ARM_CM4F/port.o
 .text.xPortStartScheduler
                0x0000000008007e60      0x144 ./Middlewares/Third_Party/FreeRTOS/Source/portable/GCC/ARM_CM4F/port.o
                0x0000000008007e60                xPortStartScheduler
 .text.vPortEnterCritical
                0x0000000008007fa4       0x60 ./Middlewares/Third_Party/FreeRTOS/Source/portable/GCC/ARM_CM4F/port.o
                0x0000000008007fa4                vPortEnterCritical
 .text.vPortExitCritical
                0x0000000008008004       0x54 ./Middlewares/Third_Party/FreeRTOS/Source/portable/GCC/ARM_CM4F/port.o
                0x0000000008008004                vPortExitCritical
 *fill*         0x0000000008008058        0x8 
 .text.PendSV_Handler
                0x0000000008008060       0x68 ./Middlewares/Third_Party/FreeRTOS/Source/portable/GCC/ARM_CM4F/port.o
                0x0000000008008060                PendSV_Handler
 .text.xPortSysTickHandler
                0x00000000080080c8       0x44 ./Middlewares/Third_Party/FreeRTOS/Source/portable/GCC/ARM_CM4F/port.o
                0x00000000080080c8                xPortSysTickHandler
 .text.vPortSetupTimerInterrupt
                0x000000000800810c       0x48 ./Middlewares/Third_Party/FreeRTOS/Source/portable/GCC/ARM_CM4F/port.o
                0x000000000800810c                vPortSetupTimerInterrupt
 .text.vPortEnableVFP
                0x0000000008008154       0x14 ./Middlewares/Third_Party/FreeRTOS/Source/portable/GCC/ARM_CM4F/port.o
 .text.vPortValidateInterruptPriority
                0x0000000008008168       0x80 ./Middlewares/Third_Party/FreeRTOS/Source/portable/GCC/ARM_CM4F/port.o
                0x0000000008008168                vPortValidateInterruptPriority
 .text.pvPortMalloc
                0x00000000080081e8      0x198 ./Middlewares/Third_Party/FreeRTOS/Source/portable/MemMang/heap_4.o
                0x00000000080081e8                pvPortMalloc
 .text.vPortFree
                0x0000000008008380       0xc4 ./Middlewares/Third_Party/FreeRTOS/Source/portable/MemMang/heap_4.o
                0x0000000008008380                vPortFree
 .text.prvHeapInit
                0x0000000008008444       0xc4 ./Middlewares/Third_Party/FreeRTOS/Source/portable/MemMang/heap_4.o
 .text.prvInsertBlockIntoFreeList
                0x0000000008008508       0xb4 ./Middlewares/Third_Party/FreeRTOS/Source/portable/MemMang/heap_4.o
 .text.__errno  0x00000000080085bc        0xc /home/usuario/st/stm32cubeide_1.7.0/plugins/com.st.stm32cube.ide.mcu.externaltools.gnu-tools-for-stm32.9-2020-q2-update.linux64_2.0.0.202105311346/tools/bin/../lib/gcc/arm-none-eabi/9.3.1/../../../../arm-none-eabi/lib/thumb/v7e-m+fp/hard/libc_nano.a(lib_a-errno.o)
                0x00000000080085bc                __errno
 .text.__libc_init_array
                0x00000000080085c8       0x48 /home/usuario/st/stm32cubeide_1.7.0/plugins/com.st.stm32cube.ide.mcu.externaltools.gnu-tools-for-stm32.9-2020-q2-update.linux64_2.0.0.202105311346/tools/bin/../lib/gcc/arm-none-eabi/9.3.1/../../../../arm-none-eabi/lib/thumb/v7e-m+fp/hard/libc_nano.a(lib_a-init.o)
                0x00000000080085c8                __libc_init_array
 .text.memcpy   0x0000000008008610       0x1c /home/usuario/st/stm32cubeide_1.7.0/plugins/com.st.stm32cube.ide.mcu.externaltools.gnu-tools-for-stm32.9-2020-q2-update.linux64_2.0.0.202105311346/tools/bin/../lib/gcc/arm-none-eabi/9.3.1/../../../../arm-none-eabi/lib/thumb/v7e-m+fp/hard/libc_nano.a(lib_a-memcpy-stub.o)
                0x0000000008008610                memcpy
 .text.memset   0x000000000800862c       0x10 /home/usuario/st/stm32cubeide_1.7.0/plugins/com.st.stm32cube.ide.mcu.externaltools.gnu-tools-for-stm32.9-2020-q2-update.linux64_2.0.0.202105311346/tools/bin/../lib/gcc/arm-none-eabi/9.3.1/../../../../arm-none-eabi/lib/thumb/v7e-m+fp/hard/libc_nano.a(lib_a-memset.o)
                0x000000000800862c                memset
 .text.__cvt    0x000000000800863c       0xc4 /home/usuario/st/stm32cubeide_1.7.0/plugins/com.st.stm32cube.ide.mcu.externaltools.gnu-tools-for-stm32.9-2020-q2-update.linux64_2.0.0.202105311346/tools/bin/../lib/gcc/arm-none-eabi/9.3.1/../../../../arm-none-eabi/lib/thumb/v7e-m+fp/hard/libc_nano.a(lib_a-nano-vfprintf_float.o)
                0x000000000800863c                __cvt
 .text.__exponent
                0x0000000008008700       0x7c /home/usuario/st/stm32cubeide_1.7.0/plugins/com.st.stm32cube.ide.mcu.externaltools.gnu-tools-for-stm32.9-2020-q2-update.linux64_2.0.0.202105311346/tools/bin/../lib/gcc/arm-none-eabi/9.3.1/../../../../arm-none-eabi/lib/thumb/v7e-m+fp/hard/libc_nano.a(lib_a-nano-vfprintf_float.o)
                0x0000000008008700                __exponent
 .text._printf_float
                0x000000000800877c      0x46c /home/usuario/st/stm32cubeide_1.7.0/plugins/com.st.stm32cube.ide.mcu.externaltools.gnu-tools-for-stm32.9-2020-q2-update.linux64_2.0.0.202105311346/tools/bin/../lib/gcc/arm-none-eabi/9.3.1/../../../../arm-none-eabi/lib/thumb/v7e-m+fp/hard/libc_nano.a(lib_a-nano-vfprintf_float.o)
                0x000000000800877c                _printf_float
 .text._printf_common
                0x0000000008008be8       0xda /home/usuario/st/stm32cubeide_1.7.0/plugins/com.st.stm32cube.ide.mcu.externaltools.gnu-tools-for-stm32.9-2020-q2-update.linux64_2.0.0.202105311346/tools/bin/../lib/gcc/arm-none-eabi/9.3.1/../../../../arm-none-eabi/lib/thumb/v7e-m+fp/hard/libc_nano.a(lib_a-nano-vfprintf_i.o)
                0x0000000008008be8                _printf_common
 *fill*         0x0000000008008cc2        0x2 
 .text._printf_i
                0x0000000008008cc4      0x24c /home/usuario/st/stm32cubeide_1.7.0/plugins/com.st.stm32cube.ide.mcu.externaltools.gnu-tools-for-stm32.9-2020-q2-update.linux64_2.0.0.202105311346/tools/bin/../lib/gcc/arm-none-eabi/9.3.1/../../../../arm-none-eabi/lib/thumb/v7e-m+fp/hard/libc_nano.a(lib_a-nano-vfprintf_i.o)
                0x0000000008008cc4                _printf_i
 .text.sprintf  0x0000000008008f10       0x40 /home/usuario/st/stm32cubeide_1.7.0/plugins/com.st.stm32cube.ide.mcu.externaltools.gnu-tools-for-stm32.9-2020-q2-update.linux64_2.0.0.202105311346/tools/bin/../lib/gcc/arm-none-eabi/9.3.1/../../../../arm-none-eabi/lib/thumb/v7e-m+fp/hard/libc_nano.a(lib_a-sprintf.o)
                0x0000000008008f10                sprintf
                0x0000000008008f10                siprintf
 .text.quorem   0x0000000008008f50      0x116 /home/usuario/st/stm32cubeide_1.7.0/plugins/com.st.stm32cube.ide.mcu.externaltools.gnu-tools-for-stm32.9-2020-q2-update.linux64_2.0.0.202105311346/tools/bin/../lib/gcc/arm-none-eabi/9.3.1/../../../../arm-none-eabi/lib/thumb/v7e-m+fp/hard/libc_nano.a(lib_a-dtoa.o)
 *fill*         0x0000000008009066        0x2 
 .text._dtoa_r  0x0000000008009068      0xbd8 /home/usuario/st/stm32cubeide_1.7.0/plugins/com.st.stm32cube.ide.mcu.externaltools.gnu-tools-for-stm32.9-2020-q2-update.linux64_2.0.0.202105311346/tools/bin/../lib/gcc/arm-none-eabi/9.3.1/../../../../arm-none-eabi/lib/thumb/v7e-m+fp/hard/libc_nano.a(lib_a-dtoa.o)
                0x0000000008009068                _dtoa_r
 .text._localeconv_r
                0x0000000008009c40        0x8 /home/usuario/st/stm32cubeide_1.7.0/plugins/com.st.stm32cube.ide.mcu.externaltools.gnu-tools-for-stm32.9-2020-q2-update.linux64_2.0.0.202105311346/tools/bin/../lib/gcc/arm-none-eabi/9.3.1/../../../../arm-none-eabi/lib/thumb/v7e-m+fp/hard/libc_nano.a(lib_a-localeconv.o)
                0x0000000008009c40                _localeconv_r
 .text.malloc   0x0000000008009c48       0x10 /home/usuario/st/stm32cubeide_1.7.0/plugins/com.st.stm32cube.ide.mcu.externaltools.gnu-tools-for-stm32.9-2020-q2-update.linux64_2.0.0.202105311346/tools/bin/../lib/gcc/arm-none-eabi/9.3.1/../../../../arm-none-eabi/lib/thumb/v7e-m+fp/hard/libc_nano.a(lib_a-malloc.o)
                0x0000000008009c48                malloc
 .text._Balloc  0x0000000008009c58       0x80 /home/usuario/st/stm32cubeide_1.7.0/plugins/com.st.stm32cube.ide.mcu.externaltools.gnu-tools-for-stm32.9-2020-q2-update.linux64_2.0.0.202105311346/tools/bin/../lib/gcc/arm-none-eabi/9.3.1/../../../../arm-none-eabi/lib/thumb/v7e-m+fp/hard/libc_nano.a(lib_a-mprec.o)
                0x0000000008009c58                _Balloc
 .text._Bfree   0x0000000008009cd8       0x44 /home/usuario/st/stm32cubeide_1.7.0/plugins/com.st.stm32cube.ide.mcu.externaltools.gnu-tools-for-stm32.9-2020-q2-update.linux64_2.0.0.202105311346/tools/bin/../lib/gcc/arm-none-eabi/9.3.1/../../../../arm-none-eabi/lib/thumb/v7e-m+fp/hard/libc_nano.a(lib_a-mprec.o)
                0x0000000008009cd8                _Bfree
 .text.__multadd
                0x0000000008009d1c       0x94 /home/usuario/st/stm32cubeide_1.7.0/plugins/com.st.stm32cube.ide.mcu.externaltools.gnu-tools-for-stm32.9-2020-q2-update.linux64_2.0.0.202105311346/tools/bin/../lib/gcc/arm-none-eabi/9.3.1/../../../../arm-none-eabi/lib/thumb/v7e-m+fp/hard/libc_nano.a(lib_a-mprec.o)
                0x0000000008009d1c                __multadd
 .text.__hi0bits
                0x0000000008009db0       0x40 /home/usuario/st/stm32cubeide_1.7.0/plugins/com.st.stm32cube.ide.mcu.externaltools.gnu-tools-for-stm32.9-2020-q2-update.linux64_2.0.0.202105311346/tools/bin/../lib/gcc/arm-none-eabi/9.3.1/../../../../arm-none-eabi/lib/thumb/v7e-m+fp/hard/libc_nano.a(lib_a-mprec.o)
                0x0000000008009db0                __hi0bits
 .text.__lo0bits
                0x0000000008009df0       0x60 /home/usuario/st/stm32cubeide_1.7.0/plugins/com.st.stm32cube.ide.mcu.externaltools.gnu-tools-for-stm32.9-2020-q2-update.linux64_2.0.0.202105311346/tools/bin/../lib/gcc/arm-none-eabi/9.3.1/../../../../arm-none-eabi/lib/thumb/v7e-m+fp/hard/libc_nano.a(lib_a-mprec.o)
                0x0000000008009df0                __lo0bits
 .text.__i2b    0x0000000008009e50       0x2c /home/usuario/st/stm32cubeide_1.7.0/plugins/com.st.stm32cube.ide.mcu.externaltools.gnu-tools-for-stm32.9-2020-q2-update.linux64_2.0.0.202105311346/tools/bin/../lib/gcc/arm-none-eabi/9.3.1/../../../../arm-none-eabi/lib/thumb/v7e-m+fp/hard/libc_nano.a(lib_a-mprec.o)
                0x0000000008009e50                __i2b
 .text.__multiply
                0x0000000008009e7c      0x14c /home/usuario/st/stm32cubeide_1.7.0/plugins/com.st.stm32cube.ide.mcu.externaltools.gnu-tools-for-stm32.9-2020-q2-update.linux64_2.0.0.202105311346/tools/bin/../lib/gcc/arm-none-eabi/9.3.1/../../../../arm-none-eabi/lib/thumb/v7e-m+fp/hard/libc_nano.a(lib_a-mprec.o)
                0x0000000008009e7c                __multiply
 .text.__pow5mult
                0x0000000008009fc8       0xb4 /home/usuario/st/stm32cubeide_1.7.0/plugins/com.st.stm32cube.ide.mcu.externaltools.gnu-tools-for-stm32.9-2020-q2-update.linux64_2.0.0.202105311346/tools/bin/../lib/gcc/arm-none-eabi/9.3.1/../../../../arm-none-eabi/lib/thumb/v7e-m+fp/hard/libc_nano.a(lib_a-mprec.o)
                0x0000000008009fc8                __pow5mult
 .text.__lshift
                0x000000000800a07c       0xd8 /home/usuario/st/stm32cubeide_1.7.0/plugins/com.st.stm32cube.ide.mcu.externaltools.gnu-tools-for-stm32.9-2020-q2-update.linux64_2.0.0.202105311346/tools/bin/../lib/gcc/arm-none-eabi/9.3.1/../../../../arm-none-eabi/lib/thumb/v7e-m+fp/hard/libc_nano.a(lib_a-mprec.o)
                0x000000000800a07c                __lshift
 .text.__mcmp   0x000000000800a154       0x38 /home/usuario/st/stm32cubeide_1.7.0/plugins/com.st.stm32cube.ide.mcu.externaltools.gnu-tools-for-stm32.9-2020-q2-update.linux64_2.0.0.202105311346/tools/bin/../lib/gcc/arm-none-eabi/9.3.1/../../../../arm-none-eabi/lib/thumb/v7e-m+fp/hard/libc_nano.a(lib_a-mprec.o)
                0x000000000800a154                __mcmp
 .text.__mdiff  0x000000000800a18c      0x110 /home/usuario/st/stm32cubeide_1.7.0/plugins/com.st.stm32cube.ide.mcu.externaltools.gnu-tools-for-stm32.9-2020-q2-update.linux64_2.0.0.202105311346/tools/bin/../lib/gcc/arm-none-eabi/9.3.1/../../../../arm-none-eabi/lib/thumb/v7e-m+fp/hard/libc_nano.a(lib_a-mprec.o)
                0x000000000800a18c                __mdiff
 .text.__d2b    0x000000000800a29c       0xb8 /home/usuario/st/stm32cubeide_1.7.0/plugins/com.st.stm32cube.ide.mcu.externaltools.gnu-tools-for-stm32.9-2020-q2-update.linux64_2.0.0.202105311346/tools/bin/../lib/gcc/arm-none-eabi/9.3.1/../../../../arm-none-eabi/lib/thumb/v7e-m+fp/hard/libc_nano.a(lib_a-mprec.o)
                0x000000000800a29c                __d2b
 .text._calloc_r
                0x000000000800a354       0x1e /home/usuario/st/stm32cubeide_1.7.0/plugins/com.st.stm32cube.ide.mcu.externaltools.gnu-tools-for-stm32.9-2020-q2-update.linux64_2.0.0.202105311346/tools/bin/../lib/gcc/arm-none-eabi/9.3.1/../../../../arm-none-eabi/lib/thumb/v7e-m+fp/hard/libc_nano.a(lib_a-nano-callocr.o)
                0x000000000800a354                _calloc_r
 *fill*         0x000000000800a372        0x2 
 .text._free_r  0x000000000800a374       0xa0 /home/usuario/st/stm32cubeide_1.7.0/plugins/com.st.stm32cube.ide.mcu.externaltools.gnu-tools-for-stm32.9-2020-q2-update.linux64_2.0.0.202105311346/tools/bin/../lib/gcc/arm-none-eabi/9.3.1/../../../../arm-none-eabi/lib/thumb/v7e-m+fp/hard/libc_nano.a(lib_a-nano-freer.o)
                0x000000000800a374                _free_r
 .text._malloc_r
                0x000000000800a414       0xb4 /home/usuario/st/stm32cubeide_1.7.0/plugins/com.st.stm32cube.ide.mcu.externaltools.gnu-tools-for-stm32.9-2020-q2-update.linux64_2.0.0.202105311346/tools/bin/../lib/gcc/arm-none-eabi/9.3.1/../../../../arm-none-eabi/lib/thumb/v7e-m+fp/hard/libc_nano.a(lib_a-nano-mallocr.o)
                0x000000000800a414                _malloc_r
 .text.__ssputs_r
                0x000000000800a4c8       0xb6 /home/usuario/st/stm32cubeide_1.7.0/plugins/com.st.stm32cube.ide.mcu.externaltools.gnu-tools-for-stm32.9-2020-q2-update.linux64_2.0.0.202105311346/tools/bin/../lib/gcc/arm-none-eabi/9.3.1/../../../../arm-none-eabi/lib/thumb/v7e-m+fp/hard/libc_nano.a(lib_a-nano-svfprintf.o)
                0x000000000800a4c8                __ssputs_r
 *fill*         0x000000000800a57e        0x2 
 .text._svfprintf_r
                0x000000000800a580      0x200 /home/usuario/st/stm32cubeide_1.7.0/plugins/com.st.stm32cube.ide.mcu.externaltools.gnu-tools-for-stm32.9-2020-q2-update.linux64_2.0.0.202105311346/tools/bin/../lib/gcc/arm-none-eabi/9.3.1/../../../../arm-none-eabi/lib/thumb/v7e-m+fp/hard/libc_nano.a(lib_a-nano-svfprintf.o)
                0x000000000800a580                _svfprintf_r
                0x000000000800a580                _svfiprintf_r
 .text._sbrk_r  0x000000000800a780       0x20 /home/usuario/st/stm32cubeide_1.7.0/plugins/com.st.stm32cube.ide.mcu.externaltools.gnu-tools-for-stm32.9-2020-q2-update.linux64_2.0.0.202105311346/tools/bin/../lib/gcc/arm-none-eabi/9.3.1/../../../../arm-none-eabi/lib/thumb/v7e-m+fp/hard/libc_nano.a(lib_a-sbrkr.o)
                0x000000000800a780                _sbrk_r
 .text.__assert_func
                0x000000000800a7a0       0x3c /home/usuario/st/stm32cubeide_1.7.0/plugins/com.st.stm32cube.ide.mcu.externaltools.gnu-tools-for-stm32.9-2020-q2-update.linux64_2.0.0.202105311346/tools/bin/../lib/gcc/arm-none-eabi/9.3.1/../../../../arm-none-eabi/lib/thumb/v7e-m+fp/hard/libc_nano.a(lib_a-assert.o)
                0x000000000800a7a0                __assert_func
 .text.fprintf  0x000000000800a7dc       0x24 /home/usuario/st/stm32cubeide_1.7.0/plugins/com.st.stm32cube.ide.mcu.externaltools.gnu-tools-for-stm32.9-2020-q2-update.linux64_2.0.0.202105311346/tools/bin/../lib/gcc/arm-none-eabi/9.3.1/../../../../arm-none-eabi/lib/thumb/v7e-m+fp/hard/libc_nano.a(lib_a-fprintf.o)
                0x000000000800a7dc                fprintf
                0x000000000800a7dc                fiprintf
 .text.__ascii_mbtowc
                0x000000000800a800       0x24 /home/usuario/st/stm32cubeide_1.7.0/plugins/com.st.stm32cube.ide.mcu.externaltools.gnu-tools-for-stm32.9-2020-q2-update.linux64_2.0.0.202105311346/tools/bin/../lib/gcc/arm-none-eabi/9.3.1/../../../../arm-none-eabi/lib/thumb/v7e-m+fp/hard/libc_nano.a(lib_a-mbtowc_r.o)
                0x000000000800a800                __ascii_mbtowc
 .text.memmove  0x000000000800a824       0x34 /home/usuario/st/stm32cubeide_1.7.0/plugins/com.st.stm32cube.ide.mcu.externaltools.gnu-tools-for-stm32.9-2020-q2-update.linux64_2.0.0.202105311346/tools/bin/../lib/gcc/arm-none-eabi/9.3.1/../../../../arm-none-eabi/lib/thumb/v7e-m+fp/hard/libc_nano.a(lib_a-memmove.o)
                0x000000000800a824                memmove
 .text.__malloc_lock
                0x000000000800a858        0xc /home/usuario/st/stm32cubeide_1.7.0/plugins/com.st.stm32cube.ide.mcu.externaltools.gnu-tools-for-stm32.9-2020-q2-update.linux64_2.0.0.202105311346/tools/bin/../lib/gcc/arm-none-eabi/9.3.1/../../../../arm-none-eabi/lib/thumb/v7e-m+fp/hard/libc_nano.a(lib_a-mlock.o)
                0x000000000800a858                __malloc_lock
 .text.__malloc_unlock
                0x000000000800a864        0xc /home/usuario/st/stm32cubeide_1.7.0/plugins/com.st.stm32cube.ide.mcu.externaltools.gnu-tools-for-stm32.9-2020-q2-update.linux64_2.0.0.202105311346/tools/bin/../lib/gcc/arm-none-eabi/9.3.1/../../../../arm-none-eabi/lib/thumb/v7e-m+fp/hard/libc_nano.a(lib_a-mlock.o)
                0x000000000800a864                __malloc_unlock
 .text._realloc_r
                0x000000000800a870       0x4c /home/usuario/st/stm32cubeide_1.7.0/plugins/com.st.stm32cube.ide.mcu.externaltools.gnu-tools-for-stm32.9-2020-q2-update.linux64_2.0.0.202105311346/tools/bin/../lib/gcc/arm-none-eabi/9.3.1/../../../../arm-none-eabi/lib/thumb/v7e-m+fp/hard/libc_nano.a(lib_a-nano-reallocr.o)
                0x000000000800a870                _realloc_r
 .text.__sfputc_r
                0x000000000800a8bc       0x2e /home/usuario/st/stm32cubeide_1.7.0/plugins/com.st.stm32cube.ide.mcu.externaltools.gnu-tools-for-stm32.9-2020-q2-update.linux64_2.0.0.202105311346/tools/bin/../lib/gcc/arm-none-eabi/9.3.1/../../../../arm-none-eabi/lib/thumb/v7e-m+fp/hard/libc_nano.a(lib_a-nano-vfprintf.o)
 .text.__sfputs_r
                0x000000000800a8ea       0x24 /home/usuario/st/stm32cubeide_1.7.0/plugins/com.st.stm32cube.ide.mcu.externaltools.gnu-tools-for-stm32.9-2020-q2-update.linux64_2.0.0.202105311346/tools/bin/../lib/gcc/arm-none-eabi/9.3.1/../../../../arm-none-eabi/lib/thumb/v7e-m+fp/hard/libc_nano.a(lib_a-nano-vfprintf.o)
                0x000000000800a8ea                __sfputs_r
 *fill*         0x000000000800a90e        0x2 
 .text._vfprintf_r
                0x000000000800a910      0x260 /home/usuario/st/stm32cubeide_1.7.0/plugins/com.st.stm32cube.ide.mcu.externaltools.gnu-tools-for-stm32.9-2020-q2-update.linux64_2.0.0.202105311346/tools/bin/../lib/gcc/arm-none-eabi/9.3.1/../../../../arm-none-eabi/lib/thumb/v7e-m+fp/hard/libc_nano.a(lib_a-nano-vfprintf.o)
                0x000000000800a910                _vfiprintf_r
                0x000000000800a910                _vfprintf_r
 .text.__swbuf_r
                0x000000000800ab70       0xa4 /home/usuario/st/stm32cubeide_1.7.0/plugins/com.st.stm32cube.ide.mcu.externaltools.gnu-tools-for-stm32.9-2020-q2-update.linux64_2.0.0.202105311346/tools/bin/../lib/gcc/arm-none-eabi/9.3.1/../../../../arm-none-eabi/lib/thumb/v7e-m+fp/hard/libc_nano.a(lib_a-wbuf.o)
                0x000000000800ab70                __swbuf_r
 .text.__ascii_wctomb
                0x000000000800ac14       0x1a /home/usuario/st/stm32cubeide_1.7.0/plugins/com.st.stm32cube.ide.mcu.externaltools.gnu-tools-for-stm32.9-2020-q2-update.linux64_2.0.0.202105311346/tools/bin/../lib/gcc/arm-none-eabi/9.3.1/../../../../arm-none-eabi/lib/thumb/v7e-m+fp/hard/libc_nano.a(lib_a-wctomb_r.o)
                0x000000000800ac14                __ascii_wctomb
 *fill*         0x000000000800ac2e        0x2 
 .text.__swsetup_r
                0x000000000800ac30       0xdc /home/usuario/st/stm32cubeide_1.7.0/plugins/com.st.stm32cube.ide.mcu.externaltools.gnu-tools-for-stm32.9-2020-q2-update.linux64_2.0.0.202105311346/tools/bin/../lib/gcc/arm-none-eabi/9.3.1/../../../../arm-none-eabi/lib/thumb/v7e-m+fp/hard/libc_nano.a(lib_a-wsetup.o)
                0x000000000800ac30                __swsetup_r
 .text.abort    0x000000000800ad0c        0xe /home/usuario/st/stm32cubeide_1.7.0/plugins/com.st.stm32cube.ide.mcu.externaltools.gnu-tools-for-stm32.9-2020-q2-update.linux64_2.0.0.202105311346/tools/bin/../lib/gcc/arm-none-eabi/9.3.1/../../../../arm-none-eabi/lib/thumb/v7e-m+fp/hard/libc_nano.a(lib_a-abort.o)
                0x000000000800ad0c                abort
 *fill*         0x000000000800ad1a        0x2 
 .text.__sflush_r
                0x000000000800ad1c      0x10c /home/usuario/st/stm32cubeide_1.7.0/plugins/com.st.stm32cube.ide.mcu.externaltools.gnu-tools-for-stm32.9-2020-q2-update.linux64_2.0.0.202105311346/tools/bin/../lib/gcc/arm-none-eabi/9.3.1/../../../../arm-none-eabi/lib/thumb/v7e-m+fp/hard/libc_nano.a(lib_a-fflush.o)
                0x000000000800ad1c                __sflush_r
 .text._fflush_r
                0x000000000800ae28       0x78 /home/usuario/st/stm32cubeide_1.7.0/plugins/com.st.stm32cube.ide.mcu.externaltools.gnu-tools-for-stm32.9-2020-q2-update.linux64_2.0.0.202105311346/tools/bin/../lib/gcc/arm-none-eabi/9.3.1/../../../../arm-none-eabi/lib/thumb/v7e-m+fp/hard/libc_nano.a(lib_a-fflush.o)
                0x000000000800ae28                _fflush_r
 .text.std      0x000000000800aea0       0x48 /home/usuario/st/stm32cubeide_1.7.0/plugins/com.st.stm32cube.ide.mcu.externaltools.gnu-tools-for-stm32.9-2020-q2-update.linux64_2.0.0.202105311346/tools/bin/../lib/gcc/arm-none-eabi/9.3.1/../../../../arm-none-eabi/lib/thumb/v7e-m+fp/hard/libc_nano.a(lib_a-findfp.o)
 .text._cleanup_r
                0x000000000800aee8        0xc /home/usuario/st/stm32cubeide_1.7.0/plugins/com.st.stm32cube.ide.mcu.externaltools.gnu-tools-for-stm32.9-2020-q2-update.linux64_2.0.0.202105311346/tools/bin/../lib/gcc/arm-none-eabi/9.3.1/../../../../arm-none-eabi/lib/thumb/v7e-m+fp/hard/libc_nano.a(lib_a-findfp.o)
                0x000000000800aee8                _cleanup_r
 .text.__sfmoreglue
                0x000000000800aef4       0x2c /home/usuario/st/stm32cubeide_1.7.0/plugins/com.st.stm32cube.ide.mcu.externaltools.gnu-tools-for-stm32.9-2020-q2-update.linux64_2.0.0.202105311346/tools/bin/../lib/gcc/arm-none-eabi/9.3.1/../../../../arm-none-eabi/lib/thumb/v7e-m+fp/hard/libc_nano.a(lib_a-findfp.o)
                0x000000000800aef4                __sfmoreglue
 .text.__sfp_lock_acquire
                0x000000000800af20        0xc /home/usuario/st/stm32cubeide_1.7.0/plugins/com.st.stm32cube.ide.mcu.externaltools.gnu-tools-for-stm32.9-2020-q2-update.linux64_2.0.0.202105311346/tools/bin/../lib/gcc/arm-none-eabi/9.3.1/../../../../arm-none-eabi/lib/thumb/v7e-m+fp/hard/libc_nano.a(lib_a-findfp.o)
                0x000000000800af20                __sfp_lock_acquire
 .text.__sfp_lock_release
                0x000000000800af2c        0xc /home/usuario/st/stm32cubeide_1.7.0/plugins/com.st.stm32cube.ide.mcu.externaltools.gnu-tools-for-stm32.9-2020-q2-update.linux64_2.0.0.202105311346/tools/bin/../lib/gcc/arm-none-eabi/9.3.1/../../../../arm-none-eabi/lib/thumb/v7e-m+fp/hard/libc_nano.a(lib_a-findfp.o)
                0x000000000800af2c                __sfp_lock_release
 .text.__sinit_lock_acquire
                0x000000000800af38        0xc /home/usuario/st/stm32cubeide_1.7.0/plugins/com.st.stm32cube.ide.mcu.externaltools.gnu-tools-for-stm32.9-2020-q2-update.linux64_2.0.0.202105311346/tools/bin/../lib/gcc/arm-none-eabi/9.3.1/../../../../arm-none-eabi/lib/thumb/v7e-m+fp/hard/libc_nano.a(lib_a-findfp.o)
                0x000000000800af38                __sinit_lock_acquire
 .text.__sinit_lock_release
                0x000000000800af44        0xc /home/usuario/st/stm32cubeide_1.7.0/plugins/com.st.stm32cube.ide.mcu.externaltools.gnu-tools-for-stm32.9-2020-q2-update.linux64_2.0.0.202105311346/tools/bin/../lib/gcc/arm-none-eabi/9.3.1/../../../../arm-none-eabi/lib/thumb/v7e-m+fp/hard/libc_nano.a(lib_a-findfp.o)
                0x000000000800af44                __sinit_lock_release
 .text.__sinit  0x000000000800af50       0x70 /home/usuario/st/stm32cubeide_1.7.0/plugins/com.st.stm32cube.ide.mcu.externaltools.gnu-tools-for-stm32.9-2020-q2-update.linux64_2.0.0.202105311346/tools/bin/../lib/gcc/arm-none-eabi/9.3.1/../../../../arm-none-eabi/lib/thumb/v7e-m+fp/hard/libc_nano.a(lib_a-findfp.o)
                0x000000000800af50                __sinit
 .text.__sfp    0x000000000800afc0       0x8c /home/usuario/st/stm32cubeide_1.7.0/plugins/com.st.stm32cube.ide.mcu.externaltools.gnu-tools-for-stm32.9-2020-q2-update.linux64_2.0.0.202105311346/tools/bin/../lib/gcc/arm-none-eabi/9.3.1/../../../../arm-none-eabi/lib/thumb/v7e-m+fp/hard/libc_nano.a(lib_a-findfp.o)
                0x000000000800afc0                __sfp
 .text._fwalk_reent
                0x000000000800b04c       0x3e /home/usuario/st/stm32cubeide_1.7.0/plugins/com.st.stm32cube.ide.mcu.externaltools.gnu-tools-for-stm32.9-2020-q2-update.linux64_2.0.0.202105311346/tools/bin/../lib/gcc/arm-none-eabi/9.3.1/../../../../arm-none-eabi/lib/thumb/v7e-m+fp/hard/libc_nano.a(lib_a-fwalk.o)
                0x000000000800b04c                _fwalk_reent
 .text.__retarget_lock_init_recursive
                0x000000000800b08a        0x2 /home/usuario/st/stm32cubeide_1.7.0/plugins/com.st.stm32cube.ide.mcu.externaltools.gnu-tools-for-stm32.9-2020-q2-update.linux64_2.0.0.202105311346/tools/bin/../lib/gcc/arm-none-eabi/9.3.1/../../../../arm-none-eabi/lib/thumb/v7e-m+fp/hard/libc_nano.a(lib_a-lock.o)
                0x000000000800b08a                __retarget_lock_init_recursive
 .text.__retarget_lock_acquire_recursive
                0x000000000800b08c        0x2 /home/usuario/st/stm32cubeide_1.7.0/plugins/com.st.stm32cube.ide.mcu.externaltools.gnu-tools-for-stm32.9-2020-q2-update.linux64_2.0.0.202105311346/tools/bin/../lib/gcc/arm-none-eabi/9.3.1/../../../../arm-none-eabi/lib/thumb/v7e-m+fp/hard/libc_nano.a(lib_a-lock.o)
                0x000000000800b08c                __retarget_lock_acquire_recursive
 .text.__retarget_lock_release_recursive
                0x000000000800b08e        0x2 /home/usuario/st/stm32cubeide_1.7.0/plugins/com.st.stm32cube.ide.mcu.externaltools.gnu-tools-for-stm32.9-2020-q2-update.linux64_2.0.0.202105311346/tools/bin/../lib/gcc/arm-none-eabi/9.3.1/../../../../arm-none-eabi/lib/thumb/v7e-m+fp/hard/libc_nano.a(lib_a-lock.o)
                0x000000000800b08e                __retarget_lock_release_recursive
 .text.__swhatbuf_r
                0x000000000800b090       0x48 /home/usuario/st/stm32cubeide_1.7.0/plugins/com.st.stm32cube.ide.mcu.externaltools.gnu-tools-for-stm32.9-2020-q2-update.linux64_2.0.0.202105311346/tools/bin/../lib/gcc/arm-none-eabi/9.3.1/../../../../arm-none-eabi/lib/thumb/v7e-m+fp/hard/libc_nano.a(lib_a-makebuf.o)
                0x000000000800b090                __swhatbuf_r
 .text.__smakebuf_r
                0x000000000800b0d8       0x80 /home/usuario/st/stm32cubeide_1.7.0/plugins/com.st.stm32cube.ide.mcu.externaltools.gnu-tools-for-stm32.9-2020-q2-update.linux64_2.0.0.202105311346/tools/bin/../lib/gcc/arm-none-eabi/9.3.1/../../../../arm-none-eabi/lib/thumb/v7e-m+fp/hard/libc_nano.a(lib_a-makebuf.o)
                0x000000000800b0d8                __smakebuf_r
 .text._malloc_usable_size_r
                0x000000000800b158       0x10 /home/usuario/st/stm32cubeide_1.7.0/plugins/com.st.stm32cube.ide.mcu.externaltools.gnu-tools-for-stm32.9-2020-q2-update.linux64_2.0.0.202105311346/tools/bin/../lib/gcc/arm-none-eabi/9.3.1/../../../../arm-none-eabi/lib/thumb/v7e-m+fp/hard/libc_nano.a(lib_a-nano-msizer.o)
                0x000000000800b158                _malloc_usable_size_r
 .text._raise_r
                0x000000000800b168       0x50 /home/usuario/st/stm32cubeide_1.7.0/plugins/com.st.stm32cube.ide.mcu.externaltools.gnu-tools-for-stm32.9-2020-q2-update.linux64_2.0.0.202105311346/tools/bin/../lib/gcc/arm-none-eabi/9.3.1/../../../../arm-none-eabi/lib/thumb/v7e-m+fp/hard/libc_nano.a(lib_a-signal.o)
                0x000000000800b168                _raise_r
 .text.raise    0x000000000800b1b8       0x10 /home/usuario/st/stm32cubeide_1.7.0/plugins/com.st.stm32cube.ide.mcu.externaltools.gnu-tools-for-stm32.9-2020-q2-update.linux64_2.0.0.202105311346/tools/bin/../lib/gcc/arm-none-eabi/9.3.1/../../../../arm-none-eabi/lib/thumb/v7e-m+fp/hard/libc_nano.a(lib_a-signal.o)
                0x000000000800b1b8                raise
 .text._kill_r  0x000000000800b1c8       0x24 /home/usuario/st/stm32cubeide_1.7.0/plugins/com.st.stm32cube.ide.mcu.externaltools.gnu-tools-for-stm32.9-2020-q2-update.linux64_2.0.0.202105311346/tools/bin/../lib/gcc/arm-none-eabi/9.3.1/../../../../arm-none-eabi/lib/thumb/v7e-m+fp/hard/libc_nano.a(lib_a-signalr.o)
                0x000000000800b1c8                _kill_r
 .text._getpid_r
                0x000000000800b1ec        0x4 /home/usuario/st/stm32cubeide_1.7.0/plugins/com.st.stm32cube.ide.mcu.externaltools.gnu-tools-for-stm32.9-2020-q2-update.linux64_2.0.0.202105311346/tools/bin/../lib/gcc/arm-none-eabi/9.3.1/../../../../arm-none-eabi/lib/thumb/v7e-m+fp/hard/libc_nano.a(lib_a-signalr.o)
                0x000000000800b1ec                _getpid_r
 .text.__sread  0x000000000800b1f0       0x22 /home/usuario/st/stm32cubeide_1.7.0/plugins/com.st.stm32cube.ide.mcu.externaltools.gnu-tools-for-stm32.9-2020-q2-update.linux64_2.0.0.202105311346/tools/bin/../lib/gcc/arm-none-eabi/9.3.1/../../../../arm-none-eabi/lib/thumb/v7e-m+fp/hard/libc_nano.a(lib_a-stdio.o)
                0x000000000800b1f0                __sread
 .text.__swrite
                0x000000000800b212       0x38 /home/usuario/st/stm32cubeide_1.7.0/plugins/com.st.stm32cube.ide.mcu.externaltools.gnu-tools-for-stm32.9-2020-q2-update.linux64_2.0.0.202105311346/tools/bin/../lib/gcc/arm-none-eabi/9.3.1/../../../../arm-none-eabi/lib/thumb/v7e-m+fp/hard/libc_nano.a(lib_a-stdio.o)
                0x000000000800b212                __swrite
 .text.__sseek  0x000000000800b24a       0x24 /home/usuario/st/stm32cubeide_1.7.0/plugins/com.st.stm32cube.ide.mcu.externaltools.gnu-tools-for-stm32.9-2020-q2-update.linux64_2.0.0.202105311346/tools/bin/../lib/gcc/arm-none-eabi/9.3.1/../../../../arm-none-eabi/lib/thumb/v7e-m+fp/hard/libc_nano.a(lib_a-stdio.o)
                0x000000000800b24a                __sseek
 .text.__sclose
                0x000000000800b26e        0x8 /home/usuario/st/stm32cubeide_1.7.0/plugins/com.st.stm32cube.ide.mcu.externaltools.gnu-tools-for-stm32.9-2020-q2-update.linux64_2.0.0.202105311346/tools/bin/../lib/gcc/arm-none-eabi/9.3.1/../../../../arm-none-eabi/lib/thumb/v7e-m+fp/hard/libc_nano.a(lib_a-stdio.o)
                0x000000000800b26e                __sclose
 *fill*         0x000000000800b276        0x2 
 .text._write_r
                0x000000000800b278       0x24 /home/usuario/st/stm32cubeide_1.7.0/plugins/com.st.stm32cube.ide.mcu.externaltools.gnu-tools-for-stm32.9-2020-q2-update.linux64_2.0.0.202105311346/tools/bin/../lib/gcc/arm-none-eabi/9.3.1/../../../../arm-none-eabi/lib/thumb/v7e-m+fp/hard/libc_nano.a(lib_a-writer.o)
                0x000000000800b278                _write_r
 .text._close_r
                0x000000000800b29c       0x20 /home/usuario/st/stm32cubeide_1.7.0/plugins/com.st.stm32cube.ide.mcu.externaltools.gnu-tools-for-stm32.9-2020-q2-update.linux64_2.0.0.202105311346/tools/bin/../lib/gcc/arm-none-eabi/9.3.1/../../../../arm-none-eabi/lib/thumb/v7e-m+fp/hard/libc_nano.a(lib_a-closer.o)
                0x000000000800b29c                _close_r
 .text._fstat_r
                0x000000000800b2bc       0x24 /home/usuario/st/stm32cubeide_1.7.0/plugins/com.st.stm32cube.ide.mcu.externaltools.gnu-tools-for-stm32.9-2020-q2-update.linux64_2.0.0.202105311346/tools/bin/../lib/gcc/arm-none-eabi/9.3.1/../../../../arm-none-eabi/lib/thumb/v7e-m+fp/hard/libc_nano.a(lib_a-fstatr.o)
                0x000000000800b2bc                _fstat_r
 .text._isatty_r
                0x000000000800b2e0       0x20 /home/usuario/st/stm32cubeide_1.7.0/plugins/com.st.stm32cube.ide.mcu.externaltools.gnu-tools-for-stm32.9-2020-q2-update.linux64_2.0.0.202105311346/tools/bin/../lib/gcc/arm-none-eabi/9.3.1/../../../../arm-none-eabi/lib/thumb/v7e-m+fp/hard/libc_nano.a(lib_a-isattyr.o)
                0x000000000800b2e0                _isatty_r
 .text._lseek_r
                0x000000000800b300       0x24 /home/usuario/st/stm32cubeide_1.7.0/plugins/com.st.stm32cube.ide.mcu.externaltools.gnu-tools-for-stm32.9-2020-q2-update.linux64_2.0.0.202105311346/tools/bin/../lib/gcc/arm-none-eabi/9.3.1/../../../../arm-none-eabi/lib/thumb/v7e-m+fp/hard/libc_nano.a(lib_a-lseekr.o)
                0x000000000800b300                _lseek_r
 .text._read_r  0x000000000800b324       0x24 /home/usuario/st/stm32cubeide_1.7.0/plugins/com.st.stm32cube.ide.mcu.externaltools.gnu-tools-for-stm32.9-2020-q2-update.linux64_2.0.0.202105311346/tools/bin/../lib/gcc/arm-none-eabi/9.3.1/../../../../arm-none-eabi/lib/thumb/v7e-m+fp/hard/libc_nano.a(lib_a-readr.o)
                0x000000000800b324                _read_r
 .text.asin     0x000000000800b348       0x74 /home/usuario/st/stm32cubeide_1.7.0/plugins/com.st.stm32cube.ide.mcu.externaltools.gnu-tools-for-stm32.9-2020-q2-update.linux64_2.0.0.202105311346/tools/bin/../lib/gcc/arm-none-eabi/9.3.1/../../../../arm-none-eabi/lib/thumb/v7e-m+fp/hard/libm.a(lib_a-w_asin.o)
                0x000000000800b348                asin
 *fill*         0x000000000800b3bc        0x4 
 .text.__ieee754_asin
                0x000000000800b3c0      0x428 /home/usuario/st/stm32cubeide_1.7.0/plugins/com.st.stm32cube.ide.mcu.externaltools.gnu-tools-for-stm32.9-2020-q2-update.linux64_2.0.0.202105311346/tools/bin/../lib/gcc/arm-none-eabi/9.3.1/../../../../arm-none-eabi/lib/thumb/v7e-m+fp/hard/libm.a(lib_a-e_asin.o)
                0x000000000800b3c0                __ieee754_asin
 .text.__ieee754_sqrt
                0x000000000800b7e8      0x168 /home/usuario/st/stm32cubeide_1.7.0/plugins/com.st.stm32cube.ide.mcu.externaltools.gnu-tools-for-stm32.9-2020-q2-update.linux64_2.0.0.202105311346/tools/bin/../lib/gcc/arm-none-eabi/9.3.1/../../../../arm-none-eabi/lib/thumb/v7e-m+fp/hard/libm.a(lib_a-e_sqrt.o)
                0x000000000800b7e8                __ieee754_sqrt
 .text.fabs     0x000000000800b950       0x12 /home/usuario/st/stm32cubeide_1.7.0/plugins/com.st.stm32cube.ide.mcu.externaltools.gnu-tools-for-stm32.9-2020-q2-update.linux64_2.0.0.202105311346/tools/bin/../lib/gcc/arm-none-eabi/9.3.1/../../../../arm-none-eabi/lib/thumb/v7e-m+fp/hard/libm.a(lib_a-s_fabs.o)
                0x000000000800b950                fabs
 *fill*         0x000000000800b962        0x6 
 .text.nan      0x000000000800b968       0x10 /home/usuario/st/stm32cubeide_1.7.0/plugins/com.st.stm32cube.ide.mcu.externaltools.gnu-tools-for-stm32.9-2020-q2-update.linux64_2.0.0.202105311346/tools/bin/../lib/gcc/arm-none-eabi/9.3.1/../../../../arm-none-eabi/lib/thumb/v7e-m+fp/hard/libm.a(lib_a-s_nan.o)
                0x000000000800b968                nan
 *(.glue_7)
 .glue_7        0x000000000800b978        0x0 linker stubs
 *(.glue_7t)
 .glue_7t       0x000000000800b978        0x0 linker stubs
 *(.eh_frame)
 .eh_frame      0x000000000800b978        0x0 /home/usuario/st/stm32cubeide_1.7.0/plugins/com.st.stm32cube.ide.mcu.externaltools.gnu-tools-for-stm32.9-2020-q2-update.linux64_2.0.0.202105311346/tools/bin/../lib/gcc/arm-none-eabi/9.3.1/thumb/v7e-m+fp/hard/crtbegin.o
 *(.init)
 .init          0x000000000800b978        0x4 /home/usuario/st/stm32cubeide_1.7.0/plugins/com.st.stm32cube.ide.mcu.externaltools.gnu-tools-for-stm32.9-2020-q2-update.linux64_2.0.0.202105311346/tools/bin/../lib/gcc/arm-none-eabi/9.3.1/thumb/v7e-m+fp/hard/crti.o
                0x000000000800b978                _init
 .init          0x000000000800b97c        0x8 /home/usuario/st/stm32cubeide_1.7.0/plugins/com.st.stm32cube.ide.mcu.externaltools.gnu-tools-for-stm32.9-2020-q2-update.linux64_2.0.0.202105311346/tools/bin/../lib/gcc/arm-none-eabi/9.3.1/thumb/v7e-m+fp/hard/crtn.o
 *(.fini)
 .fini          0x000000000800b984        0x4 /home/usuario/st/stm32cubeide_1.7.0/plugins/com.st.stm32cube.ide.mcu.externaltools.gnu-tools-for-stm32.9-2020-q2-update.linux64_2.0.0.202105311346/tools/bin/../lib/gcc/arm-none-eabi/9.3.1/thumb/v7e-m+fp/hard/crti.o
                0x000000000800b984                _fini
 .fini          0x000000000800b988        0x8 /home/usuario/st/stm32cubeide_1.7.0/plugins/com.st.stm32cube.ide.mcu.externaltools.gnu-tools-for-stm32.9-2020-q2-update.linux64_2.0.0.202105311346/tools/bin/../lib/gcc/arm-none-eabi/9.3.1/thumb/v7e-m+fp/hard/crtn.o
                0x000000000800b990                . = ALIGN (0x4)
                0x000000000800b990                _etext = .

.vfp11_veneer   0x000000000800b990        0x0
 .vfp11_veneer  0x000000000800b990        0x0 linker stubs

.v4_bx          0x000000000800b990        0x0
 .v4_bx         0x000000000800b990        0x0 linker stubs

.iplt           0x000000000800b990        0x0
 .iplt          0x000000000800b990        0x0 /home/usuario/st/stm32cubeide_1.7.0/plugins/com.st.stm32cube.ide.mcu.externaltools.gnu-tools-for-stm32.9-2020-q2-update.linux64_2.0.0.202105311346/tools/bin/../lib/gcc/arm-none-eabi/9.3.1/thumb/v7e-m+fp/hard/crtbegin.o

.rodata         0x000000000800b990      0x6d4
                0x000000000800b990                . = ALIGN (0x4)
 *(.rodata)
 .rodata        0x000000000800b990       0xeb ./Core/Src/main.o
 *fill*         0x000000000800ba7b        0x1 
 .rodata        0x000000000800ba7c        0x5 ./Middlewares/Third_Party/FreeRTOS/Source/tasks.o
 *fill*         0x000000000800ba81        0x3 
 .rodata        0x000000000800ba84        0xd ./Middlewares/Third_Party/FreeRTOS/Source/timers.o
 *(.rodata*)
 *fill*         0x000000000800ba91        0x3 
 .rodata.serialConfig_attributes
                0x000000000800ba94       0x24 ./Core/Src/main.o
                0x000000000800ba94                serialConfig_attributes
 .rodata.sendSerial_attributes
                0x000000000800bab8       0x24 ./Core/Src/main.o
                0x000000000800bab8                sendSerial_attributes
 .rodata.getTemp_attributes
                0x000000000800badc       0x24 ./Core/Src/main.o
                0x000000000800badc                getTemp_attributes
 .rodata.getLight_attributes
                0x000000000800bb00       0x24 ./Core/Src/main.o
                0x000000000800bb00                getLight_attributes
 .rodata.getRoll_attributes
                0x000000000800bb24       0x24 ./Core/Src/main.o
                0x000000000800bb24                getRoll_attributes
 .rodata.getPitch_attributes
                0x000000000800bb48       0x24 ./Core/Src/main.o
                0x000000000800bb48                getPitch_attributes
 .rodata.getYaw_attributes
                0x000000000800bb6c       0x24 ./Core/Src/main.o
                0x000000000800bb6c                getYaw_attributes
 .rodata.resetTask_attributes
                0x000000000800bb90       0x24 ./Core/Src/main.o
                0x000000000800bb90                resetTask_attributes
 .rodata.tempQueue_attributes
                0x000000000800bbb4       0x18 ./Core/Src/main.o
                0x000000000800bbb4                tempQueue_attributes
 .rodata.lightQueue_attributes
                0x000000000800bbcc       0x18 ./Core/Src/main.o
                0x000000000800bbcc                lightQueue_attributes
 .rodata.rollQueue_attributes
                0x000000000800bbe4       0x18 ./Core/Src/main.o
                0x000000000800bbe4                rollQueue_attributes
 .rodata.pitchQueue_attributes
                0x000000000800bbfc       0x18 ./Core/Src/main.o
                0x000000000800bbfc                pitchQueue_attributes
 .rodata.yawQueue_attributes
                0x000000000800bc14       0x18 ./Core/Src/main.o
                0x000000000800bc14                yawQueue_attributes
 .rodata.adc_attributes
                0x000000000800bc2c       0x10 ./Core/Src/main.o
                0x000000000800bc2c                adc_attributes
 .rodata.configUnits_attributes
                0x000000000800bc3c       0x10 ./Core/Src/main.o
                0x000000000800bc3c                configUnits_attributes
 .rodata.conversion_attributes
                0x000000000800bc4c       0x10 ./Core/Src/main.o
                0x000000000800bc4c                conversion_attributes
 .rodata.dataReady_attributes
                0x000000000800bc5c       0x10 ./Core/Src/main.o
                0x000000000800bc5c                dataReady_attributes
 .rodata.AHBPrescTable
                0x000000000800bc6c       0x10 ./Core/Src/system_stm32f4xx.o
                0x000000000800bc6c                AHBPrescTable
 .rodata.APBPrescTable
                0x000000000800bc7c        0x8 ./Core/Src/system_stm32f4xx.o
                0x000000000800bc7c                APBPrescTable
 .rodata._global_impure_ptr
                0x000000000800bc84        0x4 /home/usuario/st/stm32cubeide_1.7.0/plugins/com.st.stm32cube.ide.mcu.externaltools.gnu-tools-for-stm32.9-2020-q2-update.linux64_2.0.0.202105311346/tools/bin/../lib/gcc/arm-none-eabi/9.3.1/../../../../arm-none-eabi/lib/thumb/v7e-m+fp/hard/libc_nano.a(lib_a-impure.o)
                0x000000000800bc84                _global_impure_ptr
 .rodata._printf_float.str1.1
                0x000000000800bc88       0x12 /home/usuario/st/stm32cubeide_1.7.0/plugins/com.st.stm32cube.ide.mcu.externaltools.gnu-tools-for-stm32.9-2020-q2-update.linux64_2.0.0.202105311346/tools/bin/../lib/gcc/arm-none-eabi/9.3.1/../../../../arm-none-eabi/lib/thumb/v7e-m+fp/hard/libc_nano.a(lib_a-nano-vfprintf_float.o)
 .rodata._printf_i.str1.1
                0x000000000800bc9a       0x22 /home/usuario/st/stm32cubeide_1.7.0/plugins/com.st.stm32cube.ide.mcu.externaltools.gnu-tools-for-stm32.9-2020-q2-update.linux64_2.0.0.202105311346/tools/bin/../lib/gcc/arm-none-eabi/9.3.1/../../../../arm-none-eabi/lib/thumb/v7e-m+fp/hard/libc_nano.a(lib_a-nano-vfprintf_i.o)
 .rodata._dtoa_r.str1.1
                0x000000000800bcbc       0x94 /home/usuario/st/stm32cubeide_1.7.0/plugins/com.st.stm32cube.ide.mcu.externaltools.gnu-tools-for-stm32.9-2020-q2-update.linux64_2.0.0.202105311346/tools/bin/../lib/gcc/arm-none-eabi/9.3.1/../../../../arm-none-eabi/lib/thumb/v7e-m+fp/hard/libc_nano.a(lib_a-dtoa.o)
                                         0x96 (size before relaxing)
 .rodata._Balloc.str1.1
                0x000000000800bd50       0x60 /home/usuario/st/stm32cubeide_1.7.0/plugins/com.st.stm32cube.ide.mcu.externaltools.gnu-tools-for-stm32.9-2020-q2-update.linux64_2.0.0.202105311346/tools/bin/../lib/gcc/arm-none-eabi/9.3.1/../../../../arm-none-eabi/lib/thumb/v7e-m+fp/hard/libc_nano.a(lib_a-mprec.o)
                                         0x77 (size before relaxing)
 .rodata.__multadd.str1.1
                0x000000000800bdb0       0x11 /home/usuario/st/stm32cubeide_1.7.0/plugins/com.st.stm32cube.ide.mcu.externaltools.gnu-tools-for-stm32.9-2020-q2-update.linux64_2.0.0.202105311346/tools/bin/../lib/gcc/arm-none-eabi/9.3.1/../../../../arm-none-eabi/lib/thumb/v7e-m+fp/hard/libc_nano.a(lib_a-mprec.o)
 .rodata.__mprec_bigtens
                0x000000000800bdb0       0x28 /home/usuario/st/stm32cubeide_1.7.0/plugins/com.st.stm32cube.ide.mcu.externaltools.gnu-tools-for-stm32.9-2020-q2-update.linux64_2.0.0.202105311346/tools/bin/../lib/gcc/arm-none-eabi/9.3.1/../../../../arm-none-eabi/lib/thumb/v7e-m+fp/hard/libc_nano.a(lib_a-mprec.o)
                0x000000000800bdb0                __mprec_bigtens
 .rodata.__mprec_tens
                0x000000000800bdd8       0xc8 /home/usuario/st/stm32cubeide_1.7.0/plugins/com.st.stm32cube.ide.mcu.externaltools.gnu-tools-for-stm32.9-2020-q2-update.linux64_2.0.0.202105311346/tools/bin/../lib/gcc/arm-none-eabi/9.3.1/../../../../arm-none-eabi/lib/thumb/v7e-m+fp/hard/libc_nano.a(lib_a-mprec.o)
                0x000000000800bdd8                __mprec_tens
 .rodata.p05.7513
                0x000000000800bea0        0xc /home/usuario/st/stm32cubeide_1.7.0/plugins/com.st.stm32cube.ide.mcu.externaltools.gnu-tools-for-stm32.9-2020-q2-update.linux64_2.0.0.202105311346/tools/bin/../lib/gcc/arm-none-eabi/9.3.1/../../../../arm-none-eabi/lib/thumb/v7e-m+fp/hard/libc_nano.a(lib_a-mprec.o)
 .rodata._svfprintf_r.str1.1
                0x000000000800beac       0x11 /home/usuario/st/stm32cubeide_1.7.0/plugins/com.st.stm32cube.ide.mcu.externaltools.gnu-tools-for-stm32.9-2020-q2-update.linux64_2.0.0.202105311346/tools/bin/../lib/gcc/arm-none-eabi/9.3.1/../../../../arm-none-eabi/lib/thumb/v7e-m+fp/hard/libc_nano.a(lib_a-nano-svfprintf.o)
 .rodata.__assert_func.str1.1
                0x000000000800bebd       0x3c /home/usuario/st/stm32cubeide_1.7.0/plugins/com.st.stm32cube.ide.mcu.externaltools.gnu-tools-for-stm32.9-2020-q2-update.linux64_2.0.0.202105311346/tools/bin/../lib/gcc/arm-none-eabi/9.3.1/../../../../arm-none-eabi/lib/thumb/v7e-m+fp/hard/libc_nano.a(lib_a-assert.o)
                                         0x3d (size before relaxing)
 .rodata._setlocale_r.str1.1
                0x000000000800bef9        0x8 /home/usuario/st/stm32cubeide_1.7.0/plugins/com.st.stm32cube.ide.mcu.externaltools.gnu-tools-for-stm32.9-2020-q2-update.linux64_2.0.0.202105311346/tools/bin/../lib/gcc/arm-none-eabi/9.3.1/../../../../arm-none-eabi/lib/thumb/v7e-m+fp/hard/libc_nano.a(lib_a-locale.o)
                                          0x9 (size before relaxing)
 .rodata.str1.1